Archive member included to satisfy reference by file (symbol)

/usr/lib/gcc/arm-none-eabi/7.1.0/../../../../arm-none-eabi/lib/thumb/v7-m/libc_nano.a(lib_a-atexit.o)
                              /usr/lib/gcc/arm-none-eabi/7.1.0/../../../../arm-none-eabi/lib/thumb/v7-m/crt0.o (atexit)
/usr/lib/gcc/arm-none-eabi/7.1.0/../../../../arm-none-eabi/lib/thumb/v7-m/libc_nano.a(lib_a-exit.o)
                              /usr/lib/gcc/arm-none-eabi/7.1.0/../../../../arm-none-eabi/lib/thumb/v7-m/crt0.o (exit)
/usr/lib/gcc/arm-none-eabi/7.1.0/../../../../arm-none-eabi/lib/thumb/v7-m/libc_nano.a(lib_a-fini.o)
                              /usr/lib/gcc/arm-none-eabi/7.1.0/../../../../arm-none-eabi/lib/thumb/v7-m/crt0.o (__libc_fini_array)
/usr/lib/gcc/arm-none-eabi/7.1.0/../../../../arm-none-eabi/lib/thumb/v7-m/libc_nano.a(lib_a-impure.o)
                              /usr/lib/gcc/arm-none-eabi/7.1.0/../../../../arm-none-eabi/lib/thumb/v7-m/libc_nano.a(lib_a-exit.o) (_global_impure_ptr)
/usr/lib/gcc/arm-none-eabi/7.1.0/../../../../arm-none-eabi/lib/thumb/v7-m/libc_nano.a(lib_a-init.o)
                              /usr/lib/gcc/arm-none-eabi/7.1.0/../../../../arm-none-eabi/lib/thumb/v7-m/crt0.o (__libc_init_array)
/usr/lib/gcc/arm-none-eabi/7.1.0/../../../../arm-none-eabi/lib/thumb/v7-m/libc_nano.a(lib_a-memset.o)
                              /usr/lib/gcc/arm-none-eabi/7.1.0/../../../../arm-none-eabi/lib/thumb/v7-m/crt0.o (memset)
/usr/lib/gcc/arm-none-eabi/7.1.0/../../../../arm-none-eabi/lib/thumb/v7-m/libc_nano.a(lib_a-sprintf.o)
                              build/main.o (sprintf)
/usr/lib/gcc/arm-none-eabi/7.1.0/../../../../arm-none-eabi/lib/thumb/v7-m/libc_nano.a(lib_a-__atexit.o)
                              /usr/lib/gcc/arm-none-eabi/7.1.0/../../../../arm-none-eabi/lib/thumb/v7-m/libc_nano.a(lib_a-atexit.o) (__register_exitproc)
/usr/lib/gcc/arm-none-eabi/7.1.0/../../../../arm-none-eabi/lib/thumb/v7-m/libc_nano.a(lib_a-__call_atexit.o)
                              /usr/lib/gcc/arm-none-eabi/7.1.0/../../../../arm-none-eabi/lib/thumb/v7-m/libc_nano.a(lib_a-__atexit.o) (__call_exitprocs)
/usr/lib/gcc/arm-none-eabi/7.1.0/../../../../arm-none-eabi/lib/thumb/v7-m/libc_nano.a(lib_a-nano-svfprintf.o)
                              /usr/lib/gcc/arm-none-eabi/7.1.0/../../../../arm-none-eabi/lib/thumb/v7-m/libc_nano.a(lib_a-sprintf.o) (_svfprintf_r)
/usr/lib/gcc/arm-none-eabi/7.1.0/../../../../arm-none-eabi/lib/thumb/v7-m/libc_nano.a(lib_a-nano-vfprintf_i.o)
                              /usr/lib/gcc/arm-none-eabi/7.1.0/../../../../arm-none-eabi/lib/thumb/v7-m/libc_nano.a(lib_a-nano-svfprintf.o) (_printf_i)
/usr/lib/gcc/arm-none-eabi/7.1.0/../../../../arm-none-eabi/lib/thumb/v7-m/libc_nano.a(lib_a-memchr-stub.o)
                              /usr/lib/gcc/arm-none-eabi/7.1.0/../../../../arm-none-eabi/lib/thumb/v7-m/libc_nano.a(lib_a-nano-svfprintf.o) (memchr)
/usr/lib/gcc/arm-none-eabi/7.1.0/../../../../arm-none-eabi/lib/thumb/v7-m/libc_nano.a(lib_a-memcpy-stub.o)
                              /usr/lib/gcc/arm-none-eabi/7.1.0/../../../../arm-none-eabi/lib/thumb/v7-m/libc_nano.a(lib_a-nano-svfprintf.o) (memcpy)
/usr/lib/gcc/arm-none-eabi/7.1.0/../../../../arm-none-eabi/lib/thumb/v7-m/libc_nano.a(lib_a-memmove.o)
                              /usr/lib/gcc/arm-none-eabi/7.1.0/../../../../arm-none-eabi/lib/thumb/v7-m/libc_nano.a(lib_a-nano-svfprintf.o) (memmove)
/usr/lib/gcc/arm-none-eabi/7.1.0/../../../../arm-none-eabi/lib/thumb/v7-m/libc_nano.a(lib_a-nano-freer.o)
                              /usr/lib/gcc/arm-none-eabi/7.1.0/../../../../arm-none-eabi/lib/thumb/v7-m/libc_nano.a(lib_a-nano-svfprintf.o) (_free_r)
/usr/lib/gcc/arm-none-eabi/7.1.0/../../../../arm-none-eabi/lib/thumb/v7-m/libc_nano.a(lib_a-nano-mallocr.o)
                              /usr/lib/gcc/arm-none-eabi/7.1.0/../../../../arm-none-eabi/lib/thumb/v7-m/libc_nano.a(lib_a-nano-svfprintf.o) (_malloc_r)
/usr/lib/gcc/arm-none-eabi/7.1.0/../../../../arm-none-eabi/lib/thumb/v7-m/libc_nano.a(lib_a-nano-reallocr.o)
                              /usr/lib/gcc/arm-none-eabi/7.1.0/../../../../arm-none-eabi/lib/thumb/v7-m/libc_nano.a(lib_a-nano-svfprintf.o) (_realloc_r)
/usr/lib/gcc/arm-none-eabi/7.1.0/../../../../arm-none-eabi/lib/thumb/v7-m/libc_nano.a(lib_a-sbrkr.o)
                              /usr/lib/gcc/arm-none-eabi/7.1.0/../../../../arm-none-eabi/lib/thumb/v7-m/libc_nano.a(lib_a-nano-mallocr.o) (_sbrk_r)
/usr/lib/gcc/arm-none-eabi/7.1.0/../../../../arm-none-eabi/lib/thumb/v7-m/libc_nano.a(lib_a-mlock.o)
                              /usr/lib/gcc/arm-none-eabi/7.1.0/../../../../arm-none-eabi/lib/thumb/v7-m/libc_nano.a(lib_a-nano-freer.o) (__malloc_lock)
/usr/lib/gcc/arm-none-eabi/7.1.0/../../../../arm-none-eabi/lib/thumb/v7-m/libc_nano.a(lib_a-nano-msizer.o)
                              /usr/lib/gcc/arm-none-eabi/7.1.0/../../../../arm-none-eabi/lib/thumb/v7-m/libc_nano.a(lib_a-nano-reallocr.o) (_malloc_usable_size_r)
[...]
Memory Configuration

Name             Origin             Length             Attributes
RAM              0x0000000020000000 0x0000000000005000 xrw
FLASH            0x0000000008000000 0x0000000000010000 xr
*default*        0x0000000000000000 0xffffffffffffffff

Linker script and memory map

LOAD /usr/lib/gcc/arm-none-eabi/7.1.0/thumb/v7-m/crti.o
LOAD /usr/lib/gcc/arm-none-eabi/7.1.0/thumb/v7-m/crtbegin.o
LOAD /usr/lib/gcc/arm-none-eabi/7.1.0/../../../../arm-none-eabi/lib/thumb/v7-m/crt0.o
LOAD build/stm32f1xx_hal_rcc.o
LOAD build/stm32f1xx_hal_cortex.o
LOAD build/stm32f1xx_hal_pwr.o
LOAD build/stm32f1xx_hal_uart.o
LOAD build/stm32f1xx_hal_gpio.o
LOAD build/stm32f1xx_hal_tim.o
LOAD build/stm32f1xx_hal_flash_ex.o
LOAD build/stm32f1xx_hal.o
LOAD build/stm32f1xx_hal_flash.o
LOAD build/stm32f1xx_hal_tim_ex.o
LOAD build/stm32f1xx_hal_rcc_ex.o
LOAD build/main.o
LOAD build/stm32f1xx_hal_dma.o
LOAD build/stm32f1xx_hal_gpio_ex.o
LOAD build/system_stm32f1xx.o
LOAD build/stm32f1xx_hal_msp.o
LOAD build/stm32f1xx_it.o
LOAD build/startup_stm32f103xb.o
LOAD /usr/lib/gcc/arm-none-eabi/7.1.0/../../../../arm-none-eabi/lib/thumb/v7-m/libc_nano.a
LOAD /usr/lib/gcc/arm-none-eabi/7.1.0/../../../../arm-none-eabi/lib/thumb/v7-m/libm.a
LOAD /usr/lib/gcc/arm-none-eabi/7.1.0/../../../../arm-none-eabi/lib/thumb/v7-m/libnosys.a
START GROUP
LOAD /usr/lib/gcc/arm-none-eabi/7.1.0/thumb/v7-m/libgcc.a
LOAD /usr/lib/gcc/arm-none-eabi/7.1.0/../../../../arm-none-eabi/lib/thumb/v7-m/libc_nano.a
END GROUP
START GROUP
LOAD /usr/lib/gcc/arm-none-eabi/7.1.0/thumb/v7-m/libgcc.a
LOAD /usr/lib/gcc/arm-none-eabi/7.1.0/../../../../arm-none-eabi/lib/thumb/v7-m/libc_nano.a
END GROUP
LOAD /usr/lib/gcc/arm-none-eabi/7.1.0/thumb/v7-m/crtend.o
LOAD /usr/lib/gcc/arm-none-eabi/7.1.0/thumb/v7-m/crtn.o
                0x0000000020005000                _estack = 0x20005000
                0x0000000000000200                _Min_Heap_Size = 0x200
                0x0000000000000400                _Min_Stack_Size = 0x400

.isr_vector     0x0000000008000000      0x10c
                0x0000000008000000                . = ALIGN (0x4)
 *(.isr_vector)
 .isr_vector    0x0000000008000000      0x10c build/startup_stm32f103xb.o
                0x0000000008000000                g_pfnVectors
                0x000000000800010c                . = ALIGN (0x4)

.text           0x000000000800010c     0x1dc4
                0x000000000800010c                . = ALIGN (0x4)
 *(.text)
 .text          0x000000000800010c       0x88 /usr/lib/gcc/arm-none-eabi/7.1.0/thumb/v7-m/crtbegin.o
 *(.text*)
 .text.RCC_Delay
                0x0000000008000194       0x2c build/stm32f1xx_hal_rcc.o
 .text.HAL_RCC_OscConfig
                0x00000000080001c0      0x3dc build/stm32f1xx_hal_rcc.o
                0x00000000080001c0                HAL_RCC_OscConfig
 .text.HAL_RCC_GetSysClockFreq
                0x000000000800059c       0x70 build/stm32f1xx_hal_rcc.o
                0x000000000800059c                HAL_RCC_GetSysClockFreq
 .text.HAL_RCC_ClockConfig
                0x000000000800060c      0x178 build/stm32f1xx_hal_rcc.o
                0x000000000800060c                HAL_RCC_ClockConfig
 .text.HAL_RCC_GetHCLKFreq
                0x0000000008000784        0xc build/stm32f1xx_hal_rcc.o
                0x0000000008000784                HAL_RCC_GetHCLKFreq
 .text.HAL_RCC_GetPCLK1Freq
                0x0000000008000790       0x20 build/stm32f1xx_hal_rcc.o
                0x0000000008000790                HAL_RCC_GetPCLK1Freq
 .text.HAL_RCC_GetPCLK2Freq
                0x00000000080007b0       0x20 build/stm32f1xx_hal_rcc.o
                0x00000000080007b0                HAL_RCC_GetPCLK2Freq
 .text.HAL_NVIC_SetPriorityGrouping
                0x00000000080007d0       0x24 build/stm32f1xx_hal_cortex.o
                0x00000000080007d0                HAL_NVIC_SetPriorityGrouping
 .text.HAL_NVIC_SetPriority
                0x00000000080007f4       0x68 build/stm32f1xx_hal_cortex.o
                0x00000000080007f4                HAL_NVIC_SetPriority
 .text.HAL_NVIC_EnableIRQ
                0x000000000800085c       0x18 build/stm32f1xx_hal_cortex.o
                0x000000000800085c                HAL_NVIC_EnableIRQ
 .text.HAL_SYSTICK_Config
                0x0000000008000874       0x2c build/stm32f1xx_hal_cortex.o
                0x0000000008000874                HAL_SYSTICK_Config
 .text.HAL_SYSTICK_CLKSourceConfig
                0x00000000080008a0       0x20 build/stm32f1xx_hal_cortex.o
                0x00000000080008a0                HAL_SYSTICK_CLKSourceConfig
 .text.HAL_SYSTICK_Callback
                0x00000000080008c0        0x2 build/stm32f1xx_hal_cortex.o
                0x00000000080008c0                HAL_SYSTICK_Callback
 .text.HAL_SYSTICK_IRQHandler
                0x00000000080008c2        0x8 build/stm32f1xx_hal_cortex.o
                0x00000000080008c2                HAL_SYSTICK_IRQHandler
 .text.UART_EndRxTransfer
                0x00000000080008ca       0x1c build/stm32f1xx_hal_uart.o
 .text.UART_Transmit_IT
                0x00000000080008e6       0x68 build/stm32f1xx_hal_uart.o
 *fill*         0x000000000800094e        0x2 
 .text.UART_SetConfig
                0x0000000008000950      0x1ac build/stm32f1xx_hal_uart.o
 .text.UART_WaitOnFlagUntilTimeout
                0x0000000008000afc       0x62 build/stm32f1xx_hal_uart.o
 .text.HAL_UART_Init
                0x0000000008000b5e       0x5e build/stm32f1xx_hal_uart.o
                0x0000000008000b5e                HAL_UART_Init
 .text.HAL_UART_Transmit
                0x0000000008000bbc       0xe0 build/stm32f1xx_hal_uart.o
                0x0000000008000bbc                HAL_UART_Transmit
 .text.HAL_UART_Transmit_IT
                0x0000000008000c9c       0x48 build/stm32f1xx_hal_uart.o
                0x0000000008000c9c                HAL_UART_Transmit_IT
 .text.HAL_UART_Receive_IT
                0x0000000008000ce4       0x5c build/stm32f1xx_hal_uart.o
                0x0000000008000ce4                HAL_UART_Receive_IT
 .text.HAL_UART_TxCpltCallback
                0x0000000008000d40        0x2 build/stm32f1xx_hal_uart.o
                0x0000000008000d40                HAL_UART_TxCpltCallback
 .text.UART_EndTransmit_IT
                0x0000000008000d42       0x1a build/stm32f1xx_hal_uart.o
 .text.HAL_UART_RxCpltCallback
                0x0000000008000d5c        0x2 build/stm32f1xx_hal_uart.o
                0x0000000008000d5c                HAL_UART_RxCpltCallback
 .text.UART_Receive_IT
                0x0000000008000d5e       0x9c build/stm32f1xx_hal_uart.o
 .text.HAL_UART_ErrorCallback
                0x0000000008000dfa        0x2 build/stm32f1xx_hal_uart.o
                0x0000000008000dfa                HAL_UART_ErrorCallback
 .text.HAL_UART_IRQHandler
                0x0000000008000dfc      0x120 build/stm32f1xx_hal_uart.o
                0x0000000008000dfc                HAL_UART_IRQHandler
 .text.UART_DMAAbortOnError
                0x0000000008000f1c       0x10 build/stm32f1xx_hal_uart.o
 .text.HAL_GPIO_Init
                0x0000000008000f2c      0x1d4 build/stm32f1xx_hal_gpio.o
                0x0000000008000f2c                HAL_GPIO_Init
 .text.HAL_GPIO_WritePin
                0x0000000008001100        0xc build/stm32f1xx_hal_gpio.o
                0x0000000008001100                HAL_GPIO_WritePin
 .text.HAL_InitTick
                0x000000000800110c       0x2c build/stm32f1xx_hal.o
                0x000000000800110c                HAL_InitTick
 .text.HAL_Init
                0x0000000008001138       0x24 build/stm32f1xx_hal.o
                0x0000000008001138                HAL_Init
 .text.HAL_IncTick
                0x000000000800115c       0x10 build/stm32f1xx_hal.o
                0x000000000800115c                HAL_IncTick
 .text.HAL_GetTick
                0x000000000800116c        0xc build/stm32f1xx_hal.o
                0x000000000800116c                HAL_GetTick
 .text.MX_GPIO_Init
                0x0000000008001178       0x5c build/main.o
 .text._Error_Handler
                0x00000000080011d4       0x40 build/main.o
                0x00000000080011d4                _Error_Handler
 .text.MX_USART1_UART_Init
                0x0000000008001214       0x3c build/main.o
 .text.SystemClock_Config
                0x0000000008001250       0x74 build/main.o
                0x0000000008001250                SystemClock_Config
 .text.main     0x00000000080012c4       0xac build/main.o
                0x00000000080012c4                main
 .text.USART1_IRQHandler
                0x0000000008001370       0x78 build/main.o
                0x0000000008001370                USART1_IRQHandler
 .text.HAL_DMA_Abort_IT
                0x00000000080013e8       0x98 build/stm32f1xx_hal_dma.o
                0x00000000080013e8                HAL_DMA_Abort_IT
 .text.SystemInit
                0x0000000008001480       0x4c build/system_stm32f1xx.o
                0x0000000008001480                SystemInit
 .text.HAL_MspInit
                0x00000000080014cc       0x94 build/stm32f1xx_hal_msp.o
                0x00000000080014cc                HAL_MspInit
 .text.HAL_UART_MspInit
                0x0000000008001560       0x6c build/stm32f1xx_hal_msp.o
                0x0000000008001560                HAL_UART_MspInit
 .text.NMI_Handler
                0x00000000080015cc        0x2 build/stm32f1xx_it.o
                0x00000000080015cc                NMI_Handler
 .text.HardFault_Handler
                0x00000000080015ce        0x2 build/stm32f1xx_it.o
                0x00000000080015ce                HardFault_Handler
 .text.MemManage_Handler
                0x00000000080015d0        0x2 build/stm32f1xx_it.o
                0x00000000080015d0                MemManage_Handler
 .text.BusFault_Handler
                0x00000000080015d2        0x2 build/stm32f1xx_it.o
                0x00000000080015d2                BusFault_Handler
 .text.UsageFault_Handler
                0x00000000080015d4        0x2 build/stm32f1xx_it.o
                0x00000000080015d4                UsageFault_Handler
 .text.SVC_Handler
                0x00000000080015d6        0x2 build/stm32f1xx_it.o
                0x00000000080015d6                SVC_Handler
 .text.DebugMon_Handler
                0x00000000080015d8        0x2 build/stm32f1xx_it.o
                0x00000000080015d8                DebugMon_Handler
 .text.PendSV_Handler
                0x00000000080015da        0x2 build/stm32f1xx_it.o
                0x00000000080015da                PendSV_Handler
 .text.SysTick_Handler
                0x00000000080015dc        0xc build/stm32f1xx_it.o
                0x00000000080015dc                SysTick_Handler
 .text.Reset_Handler
                0x00000000080015e8       0x48 build/startup_stm32f103xb.o
                0x00000000080015e8                Reset_Handler
 .text.Default_Handler
                0x0000000008001630        0x2 build/startup_stm32f103xb.o
                0x0000000008001630                RTC_Alarm_IRQHandler
                0x0000000008001630                EXTI2_IRQHandler
                0x0000000008001630                TIM1_CC_IRQHandler
                0x0000000008001630                PVD_IRQHandler
                0x0000000008001630                EXTI3_IRQHandler
                0x0000000008001630                EXTI0_IRQHandler
                0x0000000008001630                I2C2_EV_IRQHandler
                0x0000000008001630                ADC1_2_IRQHandler
                0x0000000008001630                SPI1_IRQHandler
                0x0000000008001630                TAMPER_IRQHandler
                0x0000000008001630                DMA1_Channel4_IRQHandler
                0x0000000008001630                USART3_IRQHandler
                0x0000000008001630                RTC_IRQHandler
                0x0000000008001630                DMA1_Channel7_IRQHandler
                0x0000000008001630                CAN1_RX1_IRQHandler
                0x0000000008001630                TIM4_IRQHandler
                0x0000000008001630                I2C1_EV_IRQHandler
                0x0000000008001630                DMA1_Channel6_IRQHandler
                0x0000000008001630                TIM3_IRQHandler
                0x0000000008001630                RCC_IRQHandler
                0x0000000008001630                TIM1_TRG_COM_IRQHandler
                0x0000000008001630                DMA1_Channel1_IRQHandler
                0x0000000008001630                Default_Handler
                0x0000000008001630                EXTI15_10_IRQHandler
                0x0000000008001630                EXTI9_5_IRQHandler
                0x0000000008001630                SPI2_IRQHandler
                0x0000000008001630                DMA1_Channel5_IRQHandler
                0x0000000008001630                EXTI4_IRQHandler
                0x0000000008001630                USB_LP_CAN1_RX0_IRQHandler
                0x0000000008001630                USB_HP_CAN1_TX_IRQHandler
                0x0000000008001630                DMA1_Channel3_IRQHandler
                0x0000000008001630                TIM1_UP_IRQHandler
                0x0000000008001630                WWDG_IRQHandler
                0x0000000008001630                TIM2_IRQHandler
                0x0000000008001630                TIM1_BRK_IRQHandler
                0x0000000008001630                EXTI1_IRQHandler
                0x0000000008001630                USART2_IRQHandler
                0x0000000008001630                I2C2_ER_IRQHandler
                0x0000000008001630                DMA1_Channel2_IRQHandler
                0x0000000008001630                CAN1_SCE_IRQHandler
                0x0000000008001630                FLASH_IRQHandler
                0x0000000008001630                I2C1_ER_IRQHandler
                0x0000000008001630                USBWakeUp_IRQHandler
 *fill*         0x0000000008001632        0x2 
 .text.__libc_init_array
                0x0000000008001634       0x48 /usr/lib/gcc/arm-none-eabi/7.1.0/../../../../arm-none-eabi/lib/thumb/v7-m/libc_nano.a(lib_a-init.o)
                0x0000000008001634                __libc_init_array
 .text.sprintf  0x000000000800167c       0x40 /usr/lib/gcc/arm-none-eabi/7.1.0/../../../../arm-none-eabi/lib/thumb/v7-m/libc_nano.a(lib_a-sprintf.o)
                0x000000000800167c                sprintf
                0x000000000800167c                siprintf
 .text.__ssputs_r
                0x00000000080016bc       0xb4 /usr/lib/gcc/arm-none-eabi/7.1.0/../../../../arm-none-eabi/lib/thumb/v7-m/libc_nano.a(lib_a-nano-svfprintf.o)
                0x00000000080016bc                __ssputs_r
 .text._svfprintf_r
                0x0000000008001770      0x1ec /usr/lib/gcc/arm-none-eabi/7.1.0/../../../../arm-none-eabi/lib/thumb/v7-m/libc_nano.a(lib_a-nano-svfprintf.o)
                0x0000000008001770                _svfprintf_r
                0x0000000008001770                _svfiprintf_r
 .text._printf_common
                0x000000000800195c       0xec /usr/lib/gcc/arm-none-eabi/7.1.0/../../../../arm-none-eabi/lib/thumb/v7-m/libc_nano.a(lib_a-nano-vfprintf_i.o)
                0x000000000800195c                _printf_common
 .text._printf_i
                0x0000000008001a48      0x224 /usr/lib/gcc/arm-none-eabi/7.1.0/../../../../arm-none-eabi/lib/thumb/v7-m/libc_nano.a(lib_a-nano-vfprintf_i.o)
                0x0000000008001a48                _printf_i
 .text.memchr   0x0000000008001c6c       0x1c /usr/lib/gcc/arm-none-eabi/7.1.0/../../../../arm-none-eabi/lib/thumb/v7-m/libc_nano.a(lib_a-memchr-stub.o)
                0x0000000008001c6c                memchr
 .text.memcpy   0x0000000008001c88       0x16 /usr/lib/gcc/arm-none-eabi/7.1.0/../../../../arm-none-eabi/lib/thumb/v7-m/libc_nano.a(lib_a-memcpy-stub.o)
                0x0000000008001c88                memcpy
 .text.memmove  0x0000000008001c9e       0x32 /usr/lib/gcc/arm-none-eabi/7.1.0/../../../../arm-none-eabi/lib/thumb/v7-m/libc_nano.a(lib_a-memmove.o)
                0x0000000008001c9e                memmove
 .text._free_r  0x0000000008001cd0       0x98 /usr/lib/gcc/arm-none-eabi/7.1.0/../../../../arm-none-eabi/lib/thumb/v7-m/libc_nano.a(lib_a-nano-freer.o)
                0x0000000008001cd0                _free_r
 .text._malloc_r
                0x0000000008001d68       0xb4 /usr/lib/gcc/arm-none-eabi/7.1.0/../../../../arm-none-eabi/lib/thumb/v7-m/libc_nano.a(lib_a-nano-mallocr.o)
                0x0000000008001d68                _malloc_r
 .text._realloc_r
                0x0000000008001e1c       0x4c /usr/lib/gcc/arm-none-eabi/7.1.0/../../../../arm-none-eabi/lib/thumb/v7-m/libc_nano.a(lib_a-nano-reallocr.o)
                0x0000000008001e1c                _realloc_r
 .text._sbrk_r  0x0000000008001e68       0x20 /usr/lib/gcc/arm-none-eabi/7.1.0/../../../../arm-none-eabi/lib/thumb/v7-m/libc_nano.a(lib_a-sbrkr.o)
                0x0000000008001e68                _sbrk_r
 .text.__malloc_lock
                0x0000000008001e88        0x2 /usr/lib/gcc/arm-none-eabi/7.1.0/../../../../arm-none-eabi/lib/thumb/v7-m/libc_nano.a(lib_a-mlock.o)
                0x0000000008001e88                __malloc_lock
 .text.__malloc_unlock
                0x0000000008001e8a        0x2 /usr/lib/gcc/arm-none-eabi/7.1.0/../../../../arm-none-eabi/lib/thumb/v7-m/libc_nano.a(lib_a-mlock.o)
                0x0000000008001e8a                __malloc_unlock
 .text._malloc_usable_size_r
                0x0000000008001e8c       0x10 /usr/lib/gcc/arm-none-eabi/7.1.0/../../../../arm-none-eabi/lib/thumb/v7-m/libc_nano.a(lib_a-nano-msizer.o)
                0x0000000008001e8c                _malloc_usable_size_r
 .text._sbrk    0x0000000008001e9c       0x1c /usr/lib/gcc/arm-none-eabi/7.1.0/../../../../arm-none-eabi/lib/thumb/v7-m/libnosys.a(sbrk.o)
                0x0000000008001e9c                _sbrk
 *(.glue_7)
 .glue_7        0x0000000008001eb8        0x0 linker stubs
 *(.glue_7t)
 .glue_7t       0x0000000008001eb8        0x0 linker stubs
 *(.eh_frame)
 .eh_frame      0x0000000008001eb8        0x0 /usr/lib/gcc/arm-none-eabi/7.1.0/thumb/v7-m/crtbegin.o
 *(.init)
 .init          0x0000000008001eb8        0x4 /usr/lib/gcc/arm-none-eabi/7.1.0/thumb/v7-m/crti.o
                0x0000000008001eb8                _init
 .init          0x0000000008001ebc        0x8 /usr/lib/gcc/arm-none-eabi/7.1.0/thumb/v7-m/crtn.o
 *(.fini)
 .fini          0x0000000008001ec4        0x4 /usr/lib/gcc/arm-none-eabi/7.1.0/thumb/v7-m/crti.o
                0x0000000008001ec4                _fini
 .fini          0x0000000008001ec8        0x8 /usr/lib/gcc/arm-none-eabi/7.1.0/thumb/v7-m/crtn.o
                0x0000000008001ed0                . = ALIGN (0x4)
                0x0000000008001ed0                _etext = .

.vfp11_veneer   0x0000000008001ed0        0x0
 .vfp11_veneer  0x0000000008001ed0        0x0 linker stubs

.v4_bx          0x0000000008001ed0        0x0
 .v4_bx         0x0000000008001ed0        0x0 linker stubs

.iplt           0x0000000008001ed0        0x0
 .iplt          0x0000000008001ed0        0x0 /usr/lib/gcc/arm-none-eabi/7.1.0/thumb/v7-m/crtbegin.o

.rodata         0x0000000008001ed0       0xb8
                0x0000000008001ed0                . = ALIGN (0x4)
 *(.rodata)
 .rodata        0x0000000008001ed0       0x12 build/stm32f1xx_hal_rcc.o
 *(.rodata*)
 *fill*         0x0000000008001ee2        0x2 
 .rodata.MX_USART1_UART_Init.str1.4
                0x0000000008001ee4        0xb build/main.o
 *fill*         0x0000000008001eef        0x1 
 .rodata._Error_Handler.str1.4
                0x0000000008001ef0       0x22 build/main.o
 *fill*         0x0000000008001f12        0x2 
 .rodata.main.str1.4
                0x0000000008001f14       0x28 build/main.o
                                         0x27 (size before relaxing)
 .rodata.AHBPrescTable
                0x0000000008001f3c       0x10 build/system_stm32f1xx.o
                0x0000000008001f3c                AHBPrescTable
 .rodata.APBPrescTable
                0x0000000008001f4c        0x8 build/system_stm32f1xx.o
                0x0000000008001f4c                APBPrescTable
 .rodata._svfprintf_r.str1.1
                0x0000000008001f54       0x11 /usr/lib/gcc/arm-none-eabi/7.1.0/../../../../arm-none-eabi/lib/thumb/v7-m/libc_nano.a(lib_a-nano-svfprintf.o)
 .rodata._printf_i.str1.1
                0x0000000008001f65       0x22 /usr/lib/gcc/arm-none-eabi/7.1.0/../../../../arm-none-eabi/lib/thumb/v7-m/libc_nano.a(lib_a-nano-vfprintf_i.o)
                0x0000000008001f88                . = ALIGN (0x4)
 *fill*         0x0000000008001f87        0x1 

.rel.dyn        0x0000000008001f88        0x0
 .rel.iplt      0x0000000008001f88        0x0 /usr/lib/gcc/arm-none-eabi/7.1.0/thumb/v7-m/crtbegin.o

.ARM.extab
 *(.ARM.extab* .gnu.linkonce.armextab.*)

.ARM            0x0000000008001f88        0x0
                0x0000000008001f88                __exidx_start = .
 *(.ARM.exidx*)
                0x0000000008001f88                __exidx_end = .

.preinit_array  0x0000000008001f88        0x0
                0x0000000008001f88                PROVIDE (__preinit_array_start, .)
 *(.preinit_array*)
                0x0000000008001f88                PROVIDE (__preinit_array_end, .)

.init_array     0x0000000008001f88        0x4
                0x0000000008001f88                PROVIDE (__init_array_start, .)
 *(SORT(.init_array.*))
 *(.init_array*)
 .init_array    0x0000000008001f88        0x4 /usr/lib/gcc/arm-none-eabi/7.1.0/thumb/v7-m/crtbegin.o
                0x0000000008001f8c                PROVIDE (__init_array_end, .)

.fini_array     0x0000000008001f8c        0x4
                0x0000000008001f8c                PROVIDE (__fini_array_start, .)
 *(SORT(.fini_array.*))
 *(.fini_array*)
 .fini_array    0x0000000008001f8c        0x4 /usr/lib/gcc/arm-none-eabi/7.1.0/thumb/v7-m/crtbegin.o
                0x0000000008001f90                PROVIDE (__fini_array_end, .)
                0x0000000008001f90                _sidata = LOADADDR (.data)

.data           0x0000000020000000       0x70 load address 0x0000000008001f90
                0x0000000020000000                . = ALIGN (0x4)
                0x0000000020000000                _sdata = .
 *(.data)
 *(.data*)
 .data.prompt   0x0000000020000000        0x5 build/main.o
                0x0000000020000000                prompt
 *fill*         0x0000000020000005        0x3 
 .data.SystemCoreClock
                0x0000000020000008        0x4 build/system_stm32f1xx.o
                0x0000000020000008                SystemCoreClock
 .data._impure_ptr
                0x000000002000000c        0x4 /usr/lib/gcc/arm-none-eabi/7.1.0/../../../../arm-none-eabi/lib/thumb/v7-m/libc_nano.a(lib_a-impure.o)
                0x000000002000000c                _impure_ptr
 .data.impure_data
                0x0000000020000010       0x60 /usr/lib/gcc/arm-none-eabi/7.1.0/../../../../arm-none-eabi/lib/thumb/v7-m/libc_nano.a(lib_a-impure.o)
                0x0000000020000070                . = ALIGN (0x4)
                0x0000000020000070                _edata = .

.tm_clone_table
                0x0000000020000070        0x0 load address 0x0000000008002000
 .tm_clone_table
                0x0000000020000070        0x0 /usr/lib/gcc/arm-none-eabi/7.1.0/thumb/v7-m/crtbegin.o
 .tm_clone_table
                0x0000000020000070        0x0 /usr/lib/gcc/arm-none-eabi/7.1.0/thumb/v7-m/crtend.o

.igot.plt       0x0000000020000070        0x0 load address 0x0000000008002000
 .igot.plt      0x0000000020000070        0x0 /usr/lib/gcc/arm-none-eabi/7.1.0/thumb/v7-m/crtbegin.o
                0x0000000020000070                . = ALIGN (0x4)

.bss            0x0000000020000070      0x19c load address 0x0000000008002000
                0x0000000020000070                _sbss = .
                0x0000000020000070                __bss_start__ = _sbss
 *(.bss)
 .bss           0x0000000020000070       0x1c /usr/lib/gcc/arm-none-eabi/7.1.0/thumb/v7-m/crtbegin.o
 *(.bss*)
 .bss.UartReady
                0x000000002000008c        0x1 build/main.o
                0x000000002000008c                UartReady
 *fill*         0x000000002000008d        0x3 
 .bss.commBuff_index
                0x0000000020000090        0x4 build/main.o
                0x0000000020000090                commBuff_index
 .bss.sent_index
                0x0000000020000094        0x4 build/main.o
                0x0000000020000094                sent_index
 .bss.__malloc_free_list
                0x0000000020000098        0x4 /usr/lib/gcc/arm-none-eabi/7.1.0/../../../../arm-none-eabi/lib/thumb/v7-m/libc_nano.a(lib_a-nano-mallocr.o)
                0x0000000020000098                __malloc_free_list
 .bss.__malloc_sbrk_start
                0x000000002000009c        0x4 /usr/lib/gcc/arm-none-eabi/7.1.0/../../../../arm-none-eabi/lib/thumb/v7-m/libc_nano.a(lib_a-nano-mallocr.o)
                0x000000002000009c                __malloc_sbrk_start
 .bss.heap_end.4102
                0x00000000200000a0        0x4 /usr/lib/gcc/arm-none-eabi/7.1.0/../../../../arm-none-eabi/lib/thumb/v7-m/libnosys.a(sbrk.o)
 *(COMMON)
 COMMON         0x00000000200000a4        0x4 build/stm32f1xx_hal.o
                0x00000000200000a4                uwTick
 COMMON         0x00000000200000a8      0x15e build/main.o
                0x00000000200000a8                commBuff
                0x00000000200000dc                UartHandle
                0x000000002000011c                buffbuff
                0x0000000020000180                bufferRx
                0x0000000020000188                huart1
                0x00000000200001c8                action
                0x00000000200001fc                aRxBuffer
 *fill*         0x0000000020000206        0x2 
 COMMON         0x0000000020000208        0x4 /usr/lib/gcc/arm-none-eabi/7.1.0/../../../../arm-none-eabi/lib/thumb/v7-m/libc_nano.a(lib_a-reent.o)
                0x0000000020000208                errno
                0x000000002000020c                . = ALIGN (0x4)
                0x000000002000020c                _ebss = .
                0x000000002000020c                __bss_end__ = _ebss

._user_heap_stack
                0x000000002000020c      0x604 load address 0x0000000008002000
                0x0000000020000210                . = ALIGN (0x8)
 *fill*         0x000000002000020c        0x4 
                0x0000000020000210                PROVIDE (end, .)
                [!provide]                        PROVIDE (_end, .)
                0x0000000020000410                . = (. + _Min_Heap_Size)
 *fill*         0x0000000020000210      0x200 
                0x0000000020000810                . = (. + _Min_Stack_Size)
 *fill*         0x0000000020000410      0x400 
                0x0000000020000810                . = ALIGN (0x8)

/DISCARD/
 libc.a(*)
 libm.a(*)
 libgcc.a(*)

.ARM.attributes
                0x0000000000000000       0x29
 *(.ARM.attributes)
 .ARM.attributes
                0x0000000000000000       0x1d /usr/lib/gcc/arm-none-eabi/7.1.0/thumb/v7-m/crti.o
 .ARM.attributes
                0x000000000000001d       0x2d /usr/lib/gcc/arm-none-eabi/7.1.0/thumb/v7-m/crtbegin.o
 .ARM.attributes
                0x000000000000004a       0x33 build/stm32f1xx_hal_rcc.o
 .ARM.attributes
                0x000000000000007d       0x33 build/stm32f1xx_hal_cortex.o
 .ARM.attributes
                0x00000000000000b0       0x33 build/stm32f1xx_hal_uart.o
 .ARM.attributes
                0x00000000000000e3       0x33 build/stm32f1xx_hal_gpio.o
 .ARM.attributes
                0x0000000000000116       0x33 build/stm32f1xx_hal.o
 .ARM.attributes
                0x0000000000000149       0x33 build/main.o
 .ARM.attributes
                0x000000000000017c       0x33 build/stm32f1xx_hal_dma.o
 .ARM.attributes
                0x00000000000001af       0x33 build/system_stm32f1xx.o
 .ARM.attributes
                0x00000000000001e2       0x33 build/stm32f1xx_hal_msp.o
 .ARM.attributes
                0x0000000000000215       0x33 build/stm32f1xx_it.o
 .ARM.attributes
                0x0000000000000248       0x21 build/startup_stm32f103xb.o
 .ARM.attributes
                0x0000000000000269       0x2d /usr/lib/gcc/arm-none-eabi/7.1.0/../../../../arm-none-eabi/lib/thumb/v7-m/libc_nano.a(lib_a-impure.o)
 .ARM.attributes
                0x0000000000000296       0x2d /usr/lib/gcc/arm-none-eabi/7.1.0/../../../../arm-none-eabi/lib/thumb/v7-m/libc_nano.a(lib_a-init.o)
 .ARM.attributes
                0x00000000000002c3       0x2d /usr/lib/gcc/arm-none-eabi/7.1.0/../../../../arm-none-eabi/lib/thumb/v7-m/libc_nano.a(lib_a-sprintf.o)
 .ARM.attributes
                0x00000000000002f0       0x2d /usr/lib/gcc/arm-none-eabi/7.1.0/../../../../arm-none-eabi/lib/thumb/v7-m/libc_nano.a(lib_a-nano-svfprintf.o)
 .ARM.attributes
                0x000000000000031d       0x2d /usr/lib/gcc/arm-none-eabi/7.1.0/../../../../arm-none-eabi/lib/thumb/v7-m/libc_nano.a(lib_a-nano-vfprintf_i.o)
 .ARM.attributes
                0x000000000000034a       0x2d /usr/lib/gcc/arm-none-eabi/7.1.0/../../../../arm-none-eabi/lib/thumb/v7-m/libc_nano.a(lib_a-memchr-stub.o)
 .ARM.attributes
                0x0000000000000377       0x2d /usr/lib/gcc/arm-none-eabi/7.1.0/../../../../arm-none-eabi/lib/thumb/v7-m/libc_nano.a(lib_a-memcpy-stub.o)
 .ARM.attributes
                0x00000000000003a4       0x2d /usr/lib/gcc/arm-none-eabi/7.1.0/../../../../arm-none-eabi/lib/thumb/v7-m/libc_nano.a(lib_a-memmove.o)
 .ARM.attributes
                0x00000000000003d1       0x2d /usr/lib/gcc/arm-none-eabi/7.1.0/../../../../arm-none-eabi/lib/thumb/v7-m/libc_nano.a(lib_a-nano-freer.o)
 .ARM.attributes
                0x00000000000003fe       0x2d /usr/lib/gcc/arm-none-eabi/7.1.0/../../../../arm-none-eabi/lib/thumb/v7-m/libc_nano.a(lib_a-nano-mallocr.o)
 .ARM.attributes
                0x000000000000042b       0x2d /usr/lib/gcc/arm-none-eabi/7.1.0/../../../../arm-none-eabi/lib/thumb/v7-m/libc_nano.a(lib_a-nano-reallocr.o)
 .ARM.attributes
                0x0000000000000458       0x2d /usr/lib/gcc/arm-none-eabi/7.1.0/../../../../arm-none-eabi/lib/thumb/v7-m/libc_nano.a(lib_a-sbrkr.o)
 .ARM.attributes
                0x0000000000000485       0x2d /usr/lib/gcc/arm-none-eabi/7.1.0/../../../../arm-none-eabi/lib/thumb/v7-m/libc_nano.a(lib_a-mlock.o)
 .ARM.attributes
                0x00000000000004b2       0x2d /usr/lib/gcc/arm-none-eabi/7.1.0/../../../../arm-none-eabi/lib/thumb/v7-m/libc_nano.a(lib_a-nano-msizer.o)
 .ARM.attributes
                0x00000000000004df       0x2d /usr/lib/gcc/arm-none-eabi/7.1.0/../../../../arm-none-eabi/lib/thumb/v7-m/libc_nano.a(lib_a-reent.o)
 .ARM.attributes
                0x000000000000050c       0x2d /usr/lib/gcc/arm-none-eabi/7.1.0/../../../../arm-none-eabi/lib/thumb/v7-m/libnosys.a(sbrk.o)
 .ARM.attributes
                0x0000000000000539       0x2d /usr/lib/gcc/arm-none-eabi/7.1.0/thumb/v7-m/crtend.o
 .ARM.attributes
                0x0000000000000566       0x1d /usr/lib/gcc/arm-none-eabi/7.1.0/thumb/v7-m/crtn.o
OUTPUT(build/uart2.elf elf32-littlearm)

.comment        0x0000000000000000       0x42
 .comment       0x0000000000000000       0x21 /usr/lib/gcc/arm-none-eabi/7.1.0/thumb/v7-m/crtbegin.o
                                         0x22 (size before relaxing)
 .comment       0x0000000000000021       0x22 build/stm32f1xx_hal_rcc.o
 .comment       0x0000000000000021       0x22 build/stm32f1xx_hal_cortex.o
 .comment       0x0000000000000021       0x22 build/stm32f1xx_hal_uart.o
 .comment       0x0000000000000021       0x22 build/stm32f1xx_hal_gpio.o
 .comment       0x0000000000000021       0x22 build/stm32f1xx_hal.o
 .comment       0x0000000000000021       0x22 build/main.o
 .comment       0x0000000000000021       0x22 build/stm32f1xx_hal_dma.o
 .comment       0x0000000000000021       0x22 build/system_stm32f1xx.o
 .comment       0x0000000000000021       0x22 build/stm32f1xx_hal_msp.o
 .comment       0x0000000000000021       0x22 build/stm32f1xx_it.o
 .comment       0x0000000000000021       0x21 /usr/lib/gcc/arm-none-eabi/7.1.0/../../../../arm-none-eabi/lib/thumb/v7-m/libc_nano.a(lib_a-impure.o)
                                         0x22 (size before relaxing)
 .comment       0x0000000000000042       0x22 /usr/lib/gcc/arm-none-eabi/7.1.0/../../../../arm-none-eabi/lib/thumb/v7-m/libc_nano.a(lib_a-init.o)
 .comment       0x0000000000000042       0x22 /usr/lib/gcc/arm-none-eabi/7.1.0/../../../../arm-none-eabi/lib/thumb/v7-m/libc_nano.a(lib_a-sprintf.o)
 .comment       0x0000000000000042       0x22 /usr/lib/gcc/arm-none-eabi/7.1.0/../../../../arm-none-eabi/lib/thumb/v7-m/libc_nano.a(lib_a-nano-svfprintf.o)
 .comment       0x0000000000000042       0x22 /usr/lib/gcc/arm-none-eabi/7.1.0/../../../../arm-none-eabi/lib/thumb/v7-m/libc_nano.a(lib_a-nano-vfprintf_i.o)
 .comment       0x0000000000000042       0x22 /usr/lib/gcc/arm-none-eabi/7.1.0/../../../../arm-none-eabi/lib/thumb/v7-m/libc_nano.a(lib_a-memchr-stub.o)
 .comment       0x0000000000000042       0x22 /usr/lib/gcc/arm-none-eabi/7.1.0/../../../../arm-none-eabi/lib/thumb/v7-m/libc_nano.a(lib_a-memcpy-stub.o)
 .comment       0x0000000000000042       0x22 /usr/lib/gcc/arm-none-eabi/7.1.0/../../../../arm-none-eabi/lib/thumb/v7-m/libc_nano.a(lib_a-memmove.o)
 .comment       0x0000000000000042       0x22 /usr/lib/gcc/arm-none-eabi/7.1.0/../../../../arm-none-eabi/lib/thumb/v7-m/libc_nano.a(lib_a-nano-freer.o)
 .comment       0x0000000000000042       0x22 /usr/lib/gcc/arm-none-eabi/7.1.0/../../../../arm-none-eabi/lib/thumb/v7-m/libc_nano.a(lib_a-nano-mallocr.o)
 .comment       0x0000000000000042       0x22 /usr/lib/gcc/arm-none-eabi/7.1.0/../../../../arm-none-eabi/lib/thumb/v7-m/libc_nano.a(lib_a-nano-reallocr.o)
 .comment       0x0000000000000042       0x22 /usr/lib/gcc/arm-none-eabi/7.1.0/../../../../arm-none-eabi/lib/thumb/v7-m/libc_nano.a(lib_a-sbrkr.o)
 .comment       0x0000000000000042       0x22 /usr/lib/gcc/arm-none-eabi/7.1.0/../../../../arm-none-eabi/lib/thumb/v7-m/libc_nano.a(lib_a-mlock.o)
 .comment       0x0000000000000042       0x22 /usr/lib/gcc/arm-none-eabi/7.1.0/../../../../arm-none-eabi/lib/thumb/v7-m/libc_nano.a(lib_a-nano-msizer.o)
 .comment       0x0000000000000042       0x22 /usr/lib/gcc/arm-none-eabi/7.1.0/../../../../arm-none-eabi/lib/thumb/v7-m/libc_nano.a(lib_a-reent.o)
 .comment       0x0000000000000042       0x22 /usr/lib/gcc/arm-none-eabi/7.1.0/../../../../arm-none-eabi/lib/thumb/v7-m/libnosys.a(sbrk.o)
 .comment       0x0000000000000042       0x22 /usr/lib/gcc/arm-none-eabi/7.1.0/thumb/v7-m/crtend.o

.debug_info     0x0000000000000000    0x16e28
 .debug_info    0x0000000000000000     0x1303 build/stm32f1xx_hal_rcc.o
 .debug_info    0x0000000000001303     0x15ef build/stm32f1xx_hal_cortex.o
 .debug_info    0x00000000000028f2     0x20b9 build/stm32f1xx_hal_uart.o
 .debug_info    0x00000000000049ab      0xfc7 build/stm32f1xx_hal_gpio.o
 .debug_info    0x0000000000005972     0x104a build/stm32f1xx_hal.o
 .debug_info    0x00000000000069bc     0x1897 build/main.o
 .debug_info    0x0000000000008253     0x1161 build/stm32f1xx_hal_dma.o
 .debug_info    0x00000000000093b4      0xd38 build/system_stm32f1xx.o
 .debug_info    0x000000000000a0ec     0x144b build/stm32f1xx_hal_msp.o
 .debug_info    0x000000000000b537     0x1015 build/stm32f1xx_it.o
 .debug_info    0x000000000000c54c       0x66 build/startup_stm32f103xb.o
 .debug_info    0x000000000000c5b2      0x8a4 /usr/lib/gcc/arm-none-eabi/7.1.0/../../../../arm-none-eabi/lib/thumb/v7-m/libc_nano.a(lib_a-impure.o)
 .debug_info    0x000000000000ce56      0x109 /usr/lib/gcc/arm-none-eabi/7.1.0/../../../../arm-none-eabi/lib/thumb/v7-m/libc_nano.a(lib_a-init.o)
 .debug_info    0x000000000000cf5f      0xbd2 /usr/lib/gcc/arm-none-eabi/7.1.0/../../../../arm-none-eabi/lib/thumb/v7-m/libc_nano.a(lib_a-sprintf.o)
 .debug_info    0x000000000000db31     0x1638 /usr/lib/gcc/arm-none-eabi/7.1.0/../../../../arm-none-eabi/lib/thumb/v7-m/libc_nano.a(lib_a-nano-svfprintf.o)
 .debug_info    0x000000000000f169     0x1425 /usr/lib/gcc/arm-none-eabi/7.1.0/../../../../arm-none-eabi/lib/thumb/v7-m/libc_nano.a(lib_a-nano-vfprintf_i.o)
 .debug_info    0x000000000001058e      0x901 /usr/lib/gcc/arm-none-eabi/7.1.0/../../../../arm-none-eabi/lib/thumb/v7-m/libc_nano.a(lib_a-memchr-stub.o)
 .debug_info    0x0000000000010e8f      0x911 /usr/lib/gcc/arm-none-eabi/7.1.0/../../../../arm-none-eabi/lib/thumb/v7-m/libc_nano.a(lib_a-memcpy-stub.o)
 .debug_info    0x00000000000117a0      0xdf9 /usr/lib/gcc/arm-none-eabi/7.1.0/../../../../arm-none-eabi/lib/thumb/v7-m/libc_nano.a(lib_a-memmove.o)
 .debug_info    0x0000000000012599      0xb12 /usr/lib/gcc/arm-none-eabi/7.1.0/../../../../arm-none-eabi/lib/thumb/v7-m/libc_nano.a(lib_a-nano-freer.o)
 .debug_info    0x00000000000130ab      0xba2 /usr/lib/gcc/arm-none-eabi/7.1.0/../../../../arm-none-eabi/lib/thumb/v7-m/libc_nano.a(lib_a-nano-mallocr.o)
 .debug_info    0x0000000000013c4d      0xab9 /usr/lib/gcc/arm-none-eabi/7.1.0/../../../../arm-none-eabi/lib/thumb/v7-m/libc_nano.a(lib_a-nano-reallocr.o)
 .debug_info    0x0000000000014706      0x959 /usr/lib/gcc/arm-none-eabi/7.1.0/../../../../arm-none-eabi/lib/thumb/v7-m/libc_nano.a(lib_a-sbrkr.o)
 .debug_info    0x000000000001505f      0x8d7 /usr/lib/gcc/arm-none-eabi/7.1.0/../../../../arm-none-eabi/lib/thumb/v7-m/libc_nano.a(lib_a-mlock.o)
 .debug_info    0x0000000000015936      0x9fb /usr/lib/gcc/arm-none-eabi/7.1.0/../../../../arm-none-eabi/lib/thumb/v7-m/libc_nano.a(lib_a-nano-msizer.o)
 .debug_info    0x0000000000016331      0xa67 /usr/lib/gcc/arm-none-eabi/7.1.0/../../../../arm-none-eabi/lib/thumb/v7-m/libc_nano.a(lib_a-reent.o)
 .debug_info    0x0000000000016d98       0x90 /usr/lib/gcc/arm-none-eabi/7.1.0/../../../../arm-none-eabi/lib/thumb/v7-m/libnosys.a(sbrk.o)

.debug_abbrev   0x0000000000000000     0x3957
 .debug_abbrev  0x0000000000000000      0x31f build/stm32f1xx_hal_rcc.o
 .debug_abbrev  0x000000000000031f      0x3d3 build/stm32f1xx_hal_cortex.o
 .debug_abbrev  0x00000000000006f2      0x338 build/stm32f1xx_hal_uart.o
 .debug_abbrev  0x0000000000000a2a      0x2be build/stm32f1xx_hal_gpio.o
 .debug_abbrev  0x0000000000000ce8      0x2e3 build/stm32f1xx_hal.o
 .debug_abbrev  0x0000000000000fcb      0x2b3 build/main.o
 .debug_abbrev  0x000000000000127e      0x2e3 build/stm32f1xx_hal_dma.o
 .debug_abbrev  0x0000000000001561      0x209 build/system_stm32f1xx.o
 .debug_abbrev  0x000000000000176a      0x237 build/stm32f1xx_hal_msp.o
 .debug_abbrev  0x00000000000019a1      0x1fb build/stm32f1xx_it.o
 .debug_abbrev  0x0000000000001b9c       0x12 build/startup_stm32f103xb.o
 .debug_abbrev  0x0000000000001bae      0x15c /usr/lib/gcc/arm-none-eabi/7.1.0/../../../../arm-none-eabi/lib/thumb/v7-m/libc_nano.a(lib_a-impure.o)
 .debug_abbrev  0x0000000000001d0a       0xba /usr/lib/gcc/arm-none-eabi/7.1.0/../../../../arm-none-eabi/lib/thumb/v7-m/libc_nano.a(lib_a-init.o)
 .debug_abbrev  0x0000000000001dc4      0x222 /usr/lib/gcc/arm-none-eabi/7.1.0/../../../../arm-none-eabi/lib/thumb/v7-m/libc_nano.a(lib_a-sprintf.o)
 .debug_abbrev  0x0000000000001fe6      0x2db /usr/lib/gcc/arm-none-eabi/7.1.0/../../../../arm-none-eabi/lib/thumb/v7-m/libc_nano.a(lib_a-nano-svfprintf.o)
 .debug_abbrev  0x00000000000022c1      0x27f /usr/lib/gcc/arm-none-eabi/7.1.0/../../../../arm-none-eabi/lib/thumb/v7-m/libc_nano.a(lib_a-nano-vfprintf_i.o)
 .debug_abbrev  0x0000000000002540      0x1a5 /usr/lib/gcc/arm-none-eabi/7.1.0/../../../../arm-none-eabi/lib/thumb/v7-m/libc_nano.a(lib_a-memchr-stub.o)
 .debug_abbrev  0x00000000000026e5      0x1ac /usr/lib/gcc/arm-none-eabi/7.1.0/../../../../arm-none-eabi/lib/thumb/v7-m/libc_nano.a(lib_a-memcpy-stub.o)
 .debug_abbrev  0x0000000000002891      0x19c /usr/lib/gcc/arm-none-eabi/7.1.0/../../../../arm-none-eabi/lib/thumb/v7-m/libc_nano.a(lib_a-memmove.o)
 .debug_abbrev  0x0000000000002a2d      0x268 /usr/lib/gcc/arm-none-eabi/7.1.0/../../../../arm-none-eabi/lib/thumb/v7-m/libc_nano.a(lib_a-nano-freer.o)
 .debug_abbrev  0x0000000000002c95      0x2c2 /usr/lib/gcc/arm-none-eabi/7.1.0/../../../../arm-none-eabi/lib/thumb/v7-m/libc_nano.a(lib_a-nano-mallocr.o)
 .debug_abbrev  0x0000000000002f57      0x204 /usr/lib/gcc/arm-none-eabi/7.1.0/../../../../arm-none-eabi/lib/thumb/v7-m/libc_nano.a(lib_a-nano-reallocr.o)
 .debug_abbrev  0x000000000000315b      0x1df /usr/lib/gcc/arm-none-eabi/7.1.0/../../../../arm-none-eabi/lib/thumb/v7-m/libc_nano.a(lib_a-sbrkr.o)
 .debug_abbrev  0x000000000000333a      0x19d /usr/lib/gcc/arm-none-eabi/7.1.0/../../../../arm-none-eabi/lib/thumb/v7-m/libc_nano.a(lib_a-mlock.o)
 .debug_abbrev  0x00000000000034d7      0x1b4 /usr/lib/gcc/arm-none-eabi/7.1.0/../../../../arm-none-eabi/lib/thumb/v7-m/libc_nano.a(lib_a-nano-msizer.o)
 .debug_abbrev  0x000000000000368b      0x23a /usr/lib/gcc/arm-none-eabi/7.1.0/../../../../arm-none-eabi/lib/thumb/v7-m/libc_nano.a(lib_a-reent.o)
 .debug_abbrev  0x00000000000038c5       0x92 /usr/lib/gcc/arm-none-eabi/7.1.0/../../../../arm-none-eabi/lib/thumb/v7-m/libnosys.a(sbrk.o)

.debug_loc      0x0000000000000000     0x4dff
 .debug_loc     0x0000000000000000      0x5f8 build/stm32f1xx_hal_rcc.o
 .debug_loc     0x00000000000005f8      0x63d build/stm32f1xx_hal_cortex.o
 .debug_loc     0x0000000000000c35     0x19dd build/stm32f1xx_hal_uart.o
 .debug_loc     0x0000000000002612      0x516 build/stm32f1xx_hal_gpio.o
 .debug_loc     0x0000000000002b28      0x101 build/stm32f1xx_hal.o
 .debug_loc     0x0000000000002c29      0x14d build/main.o
 .debug_loc     0x0000000000002d76      0x8da build/stm32f1xx_hal_dma.o
 .debug_loc     0x0000000000003650       0xdf build/system_stm32f1xx.o
 .debug_loc     0x000000000000372f       0xeb build/stm32f1xx_hal_msp.o
 .debug_loc     0x000000000000381a       0x20 build/stm32f1xx_it.o
 .debug_loc     0x000000000000383a       0x3c /usr/lib/gcc/arm-none-eabi/7.1.0/../../../../arm-none-eabi/lib/thumb/v7-m/libc_nano.a(lib_a-init.o)
 .debug_loc     0x0000000000003876       0x95 /usr/lib/gcc/arm-none-eabi/7.1.0/../../../../arm-none-eabi/lib/thumb/v7-m/libc_nano.a(lib_a-sprintf.o)
 .debug_loc     0x000000000000390b      0x64f /usr/lib/gcc/arm-none-eabi/7.1.0/../../../../arm-none-eabi/lib/thumb/v7-m/libc_nano.a(lib_a-nano-svfprintf.o)
 .debug_loc     0x0000000000003f5a      0x5a3 /usr/lib/gcc/arm-none-eabi/7.1.0/../../../../arm-none-eabi/lib/thumb/v7-m/libc_nano.a(lib_a-nano-vfprintf_i.o)
 .debug_loc     0x00000000000044fd       0xaa /usr/lib/gcc/arm-none-eabi/7.1.0/../../../../arm-none-eabi/lib/thumb/v7-m/libc_nano.a(lib_a-memchr-stub.o)
 .debug_loc     0x00000000000045a7       0x77 /usr/lib/gcc/arm-none-eabi/7.1.0/../../../../arm-none-eabi/lib/thumb/v7-m/libc_nano.a(lib_a-memcpy-stub.o)
 .debug_loc     0x000000000000461e       0xe4 /usr/lib/gcc/arm-none-eabi/7.1.0/../../../../arm-none-eabi/lib/thumb/v7-m/libc_nano.a(lib_a-memmove.o)
 .debug_loc     0x0000000000004702      0x109 /usr/lib/gcc/arm-none-eabi/7.1.0/../../../../arm-none-eabi/lib/thumb/v7-m/libc_nano.a(lib_a-nano-freer.o)
 .debug_loc     0x000000000000480b      0x2e2 /usr/lib/gcc/arm-none-eabi/7.1.0/../../../../arm-none-eabi/lib/thumb/v7-m/libc_nano.a(lib_a-nano-mallocr.o)
 .debug_loc     0x0000000000004aed      0x105 /usr/lib/gcc/arm-none-eabi/7.1.0/../../../../arm-none-eabi/lib/thumb/v7-m/libc_nano.a(lib_a-nano-reallocr.o)
 .debug_loc     0x0000000000004bf2       0x4d /usr/lib/gcc/arm-none-eabi/7.1.0/../../../../arm-none-eabi/lib/thumb/v7-m/libc_nano.a(lib_a-sbrkr.o)
 .debug_loc     0x0000000000004c3f       0x78 /usr/lib/gcc/arm-none-eabi/7.1.0/../../../../arm-none-eabi/lib/thumb/v7-m/libc_nano.a(lib_a-nano-msizer.o)
 .debug_loc     0x0000000000004cb7      0x110 /usr/lib/gcc/arm-none-eabi/7.1.0/../../../../arm-none-eabi/lib/thumb/v7-m/libc_nano.a(lib_a-reent.o)
 .debug_loc     0x0000000000004dc7       0x38 /usr/lib/gcc/arm-none-eabi/7.1.0/../../../../arm-none-eabi/lib/thumb/v7-m/libnosys.a(sbrk.o)

.debug_aranges  0x0000000000000000      0x7c8
 .debug_aranges
                0x0000000000000000       0x90 build/stm32f1xx_hal_rcc.o
 .debug_aranges
                0x0000000000000090       0x90 build/stm32f1xx_hal_cortex.o
 .debug_aranges
                0x0000000000000120      0x1d0 build/stm32f1xx_hal_uart.o
 .debug_aranges
                0x00000000000002f0       0x58 build/stm32f1xx_hal_gpio.o
 .debug_aranges
                0x0000000000000348       0xb8 build/stm32f1xx_hal.o
 .debug_aranges
                0x0000000000000400       0x48 build/main.o
 .debug_aranges
                0x0000000000000448       0x80 build/stm32f1xx_hal_dma.o
 .debug_aranges
                0x00000000000004c8       0x28 build/system_stm32f1xx.o
 .debug_aranges
                0x00000000000004f0       0x30 build/stm32f1xx_hal_msp.o
 .debug_aranges
                0x0000000000000520       0x60 build/stm32f1xx_it.o
 .debug_aranges
                0x0000000000000580       0x28 build/startup_stm32f103xb.o
 .debug_aranges
                0x00000000000005a8       0x18 /usr/lib/gcc/arm-none-eabi/7.1.0/../../../../arm-none-eabi/lib/thumb/v7-m/libc_nano.a(lib_a-impure.o)
 .debug_aranges
                0x00000000000005c0       0x20 /usr/lib/gcc/arm-none-eabi/7.1.0/../../../../arm-none-eabi/lib/thumb/v7-m/libc_nano.a(lib_a-init.o)
 .debug_aranges
                0x00000000000005e0       0x28 /usr/lib/gcc/arm-none-eabi/7.1.0/../../../../arm-none-eabi/lib/thumb/v7-m/libc_nano.a(lib_a-sprintf.o)
 .debug_aranges
                0x0000000000000608       0x30 /usr/lib/gcc/arm-none-eabi/7.1.0/../../../../arm-none-eabi/lib/thumb/v7-m/libc_nano.a(lib_a-nano-svfprintf.o)
 .debug_aranges
                0x0000000000000638       0x28 /usr/lib/gcc/arm-none-eabi/7.1.0/../../../../arm-none-eabi/lib/thumb/v7-m/libc_nano.a(lib_a-nano-vfprintf_i.o)
 .debug_aranges
                0x0000000000000660       0x20 /usr/lib/gcc/arm-none-eabi/7.1.0/../../../../arm-none-eabi/lib/thumb/v7-m/libc_nano.a(lib_a-memchr-stub.o)
 .debug_aranges
                0x0000000000000680       0x20 /usr/lib/gcc/arm-none-eabi/7.1.0/../../../../arm-none-eabi/lib/thumb/v7-m/libc_nano.a(lib_a-memcpy-stub.o)
 .debug_aranges
                0x00000000000006a0       0x20 /usr/lib/gcc/arm-none-eabi/7.1.0/../../../../arm-none-eabi/lib/thumb/v7-m/libc_nano.a(lib_a-memmove.o)
 .debug_aranges
                0x00000000000006c0       0x20 /usr/lib/gcc/arm-none-eabi/7.1.0/../../../../arm-none-eabi/lib/thumb/v7-m/libc_nano.a(lib_a-nano-freer.o)
 .debug_aranges
                0x00000000000006e0       0x20 /usr/lib/gcc/arm-none-eabi/7.1.0/../../../../arm-none-eabi/lib/thumb/v7-m/libc_nano.a(lib_a-nano-mallocr.o)
 .debug_aranges
                0x0000000000000700       0x20 /usr/lib/gcc/arm-none-eabi/7.1.0/../../../../arm-none-eabi/lib/thumb/v7-m/libc_nano.a(lib_a-nano-reallocr.o)
 .debug_aranges
                0x0000000000000720       0x20 /usr/lib/gcc/arm-none-eabi/7.1.0/../../../../arm-none-eabi/lib/thumb/v7-m/libc_nano.a(lib_a-sbrkr.o)
 .debug_aranges
                0x0000000000000740       0x20 /usr/lib/gcc/arm-none-eabi/7.1.0/../../../../arm-none-eabi/lib/thumb/v7-m/libc_nano.a(lib_a-mlock.o)
 .debug_aranges
                0x0000000000000760       0x20 /usr/lib/gcc/arm-none-eabi/7.1.0/../../../../arm-none-eabi/lib/thumb/v7-m/libc_nano.a(lib_a-nano-msizer.o)
 .debug_aranges
                0x0000000000000780       0x28 /usr/lib/gcc/arm-none-eabi/7.1.0/../../../../arm-none-eabi/lib/thumb/v7-m/libc_nano.a(lib_a-reent.o)
 .debug_aranges
                0x00000000000007a8       0x20 /usr/lib/gcc/arm-none-eabi/7.1.0/../../../../arm-none-eabi/lib/thumb/v7-m/libnosys.a(sbrk.o)

.debug_ranges   0x0000000000000000      0x7d8
 .debug_ranges  0x0000000000000000       0xa0 build/stm32f1xx_hal_rcc.o
 .debug_ranges  0x00000000000000a0       0xe0 build/stm32f1xx_hal_cortex.o
 .debug_ranges  0x0000000000000180      0x1c0 build/stm32f1xx_hal_uart.o
 .debug_ranges  0x0000000000000340       0x48 build/stm32f1xx_hal_gpio.o
 .debug_ranges  0x0000000000000388       0xa8 build/stm32f1xx_hal.o
 .debug_ranges  0x0000000000000430       0x38 build/main.o
 .debug_ranges  0x0000000000000468       0x70 build/stm32f1xx_hal_dma.o
 .debug_ranges  0x00000000000004d8       0x18 build/system_stm32f1xx.o
 .debug_ranges  0x00000000000004f0       0x20 build/stm32f1xx_hal_msp.o
 .debug_ranges  0x0000000000000510       0x50 build/stm32f1xx_it.o
 .debug_ranges  0x0000000000000560       0x20 build/startup_stm32f103xb.o
 .debug_ranges  0x0000000000000580       0x10 /usr/lib/gcc/arm-none-eabi/7.1.0/../../../../arm-none-eabi/lib/thumb/v7-m/libc_nano.a(lib_a-init.o)
 .debug_ranges  0x0000000000000590       0x18 /usr/lib/gcc/arm-none-eabi/7.1.0/../../../../arm-none-eabi/lib/thumb/v7-m/libc_nano.a(lib_a-sprintf.o)
 .debug_ranges  0x00000000000005a8       0x68 /usr/lib/gcc/arm-none-eabi/7.1.0/../../../../arm-none-eabi/lib/thumb/v7-m/libc_nano.a(lib_a-nano-svfprintf.o)
 .debug_ranges  0x0000000000000610       0xb0 /usr/lib/gcc/arm-none-eabi/7.1.0/../../../../arm-none-eabi/lib/thumb/v7-m/libc_nano.a(lib_a-nano-vfprintf_i.o)
 .debug_ranges  0x00000000000006c0       0x10 /usr/lib/gcc/arm-none-eabi/7.1.0/../../../../arm-none-eabi/lib/thumb/v7-m/libc_nano.a(lib_a-memchr-stub.o)
 .debug_ranges  0x00000000000006d0       0x10 /usr/lib/gcc/arm-none-eabi/7.1.0/../../../../arm-none-eabi/lib/thumb/v7-m/libc_nano.a(lib_a-memcpy-stub.o)
 .debug_ranges  0x00000000000006e0       0x10 /usr/lib/gcc/arm-none-eabi/7.1.0/../../../../arm-none-eabi/lib/thumb/v7-m/libc_nano.a(lib_a-memmove.o)
 .debug_ranges  0x00000000000006f0       0x10 /usr/lib/gcc/arm-none-eabi/7.1.0/../../../../arm-none-eabi/lib/thumb/v7-m/libc_nano.a(lib_a-nano-freer.o)
 .debug_ranges  0x0000000000000700       0x58 /usr/lib/gcc/arm-none-eabi/7.1.0/../../../../arm-none-eabi/lib/thumb/v7-m/libc_nano.a(lib_a-nano-mallocr.o)
 .debug_ranges  0x0000000000000758       0x10 /usr/lib/gcc/arm-none-eabi/7.1.0/../../../../arm-none-eabi/lib/thumb/v7-m/libc_nano.a(lib_a-nano-reallocr.o)
 .debug_ranges  0x0000000000000768       0x10 /usr/lib/gcc/arm-none-eabi/7.1.0/../../../../arm-none-eabi/lib/thumb/v7-m/libc_nano.a(lib_a-sbrkr.o)
 .debug_ranges  0x0000000000000778       0x10 /usr/lib/gcc/arm-none-eabi/7.1.0/../../../../arm-none-eabi/lib/thumb/v7-m/libc_nano.a(lib_a-mlock.o)
 .debug_ranges  0x0000000000000788       0x10 /usr/lib/gcc/arm-none-eabi/7.1.0/../../../../arm-none-eabi/lib/thumb/v7-m/libc_nano.a(lib_a-nano-msizer.o)
 .debug_ranges  0x0000000000000798       0x30 /usr/lib/gcc/arm-none-eabi/7.1.0/../../../../arm-none-eabi/lib/thumb/v7-m/libc_nano.a(lib_a-reent.o)
 .debug_ranges  0x00000000000007c8       0x10 /usr/lib/gcc/arm-none-eabi/7.1.0/../../../../arm-none-eabi/lib/thumb/v7-m/libnosys.a(sbrk.o)

.debug_line     0x0000000000000000     0x4249
 .debug_line    0x0000000000000000      0x4e7 build/stm32f1xx_hal_rcc.o
 .debug_line    0x00000000000004e7      0x360 build/stm32f1xx_hal_cortex.o
 .debug_line    0x0000000000000847      0xb0a build/stm32f1xx_hal_uart.o
 .debug_line    0x0000000000001351      0x395 build/stm32f1xx_hal_gpio.o
 .debug_line    0x00000000000016e6      0x34a build/stm32f1xx_hal.o
 .debug_line    0x0000000000001a30      0x320 build/main.o
 .debug_line    0x0000000000001d50      0x575 build/stm32f1xx_hal_dma.o
 .debug_line    0x00000000000022c5      0x1c5 build/system_stm32f1xx.o
 .debug_line    0x000000000000248a      0x253 build/stm32f1xx_hal_msp.o
 .debug_line    0x00000000000026dd      0x29a build/stm32f1xx_it.o
 .debug_line    0x0000000000002977       0x72 build/startup_stm32f103xb.o
 .debug_line    0x00000000000029e9       0xe1 /usr/lib/gcc/arm-none-eabi/7.1.0/../../../../arm-none-eabi/lib/thumb/v7-m/libc_nano.a(lib_a-impure.o)
 .debug_line    0x0000000000002aca       0xb7 /usr/lib/gcc/arm-none-eabi/7.1.0/../../../../arm-none-eabi/lib/thumb/v7-m/libc_nano.a(lib_a-init.o)
 .debug_line    0x0000000000002b81      0x1a4 /usr/lib/gcc/arm-none-eabi/7.1.0/../../../../arm-none-eabi/lib/thumb/v7-m/libc_nano.a(lib_a-sprintf.o)
 .debug_line    0x0000000000002d25      0x3ba /usr/lib/gcc/arm-none-eabi/7.1.0/../../../../arm-none-eabi/lib/thumb/v7-m/libc_nano.a(lib_a-nano-svfprintf.o)
 .debug_line    0x00000000000030df      0x3b1 /usr/lib/gcc/arm-none-eabi/7.1.0/../../../../arm-none-eabi/lib/thumb/v7-m/libc_nano.a(lib_a-nano-vfprintf_i.o)
 .debug_line    0x0000000000003490      0x151 /usr/lib/gcc/arm-none-eabi/7.1.0/../../../../arm-none-eabi/lib/thumb/v7-m/libc_nano.a(lib_a-memchr-stub.o)
 .debug_line    0x00000000000035e1      0x150 /usr/lib/gcc/arm-none-eabi/7.1.0/../../../../arm-none-eabi/lib/thumb/v7-m/libc_nano.a(lib_a-memcpy-stub.o)
 .debug_line    0x0000000000003731      0x1ba /usr/lib/gcc/arm-none-eabi/7.1.0/../../../../arm-none-eabi/lib/thumb/v7-m/libc_nano.a(lib_a-memmove.o)
 .debug_line    0x00000000000038eb      0x147 /usr/lib/gcc/arm-none-eabi/7.1.0/../../../../arm-none-eabi/lib/thumb/v7-m/libc_nano.a(lib_a-nano-freer.o)
 .debug_line    0x0000000000003a32      0x194 /usr/lib/gcc/arm-none-eabi/7.1.0/../../../../arm-none-eabi/lib/thumb/v7-m/libc_nano.a(lib_a-nano-mallocr.o)
 .debug_line    0x0000000000003bc6      0x163 /usr/lib/gcc/arm-none-eabi/7.1.0/../../../../arm-none-eabi/lib/thumb/v7-m/libc_nano.a(lib_a-nano-reallocr.o)
 .debug_line    0x0000000000003d29      0x14b /usr/lib/gcc/arm-none-eabi/7.1.0/../../../../arm-none-eabi/lib/thumb/v7-m/libc_nano.a(lib_a-sbrkr.o)
 .debug_line    0x0000000000003e74       0xf1 /usr/lib/gcc/arm-none-eabi/7.1.0/../../../../arm-none-eabi/lib/thumb/v7-m/libc_nano.a(lib_a-mlock.o)
 .debug_line    0x0000000000003f65      0x107 /usr/lib/gcc/arm-none-eabi/7.1.0/../../../../arm-none-eabi/lib/thumb/v7-m/libc_nano.a(lib_a-nano-msizer.o)
 .debug_line    0x000000000000406c      0x182 /usr/lib/gcc/arm-none-eabi/7.1.0/../../../../arm-none-eabi/lib/thumb/v7-m/libc_nano.a(lib_a-reent.o)
 .debug_line    0x00000000000041ee       0x5b /usr/lib/gcc/arm-none-eabi/7.1.0/../../../../arm-none-eabi/lib/thumb/v7-m/libnosys.a(sbrk.o)

.debug_str      0x0000000000000000     0x2dce
 .debug_str     0x0000000000000000      0x8dc build/stm32f1xx_hal_rcc.o
                                        0x9c9 (size before relaxing)
 .debug_str     0x00000000000008dc      0x60f build/stm32f1xx_hal_cortex.o
                                        0xc85 (size before relaxing)
 .debug_str     0x0000000000000eeb      0x8c0 build/stm32f1xx_hal_uart.o
                                        0xf3a (size before relaxing)
 .debug_str     0x00000000000017ab      0x180 build/stm32f1xx_hal_gpio.o
                                        0x7f2 (size before relaxing)
 .debug_str     0x000000000000192b      0x1b3 build/stm32f1xx_hal.o
                                        0xb21 (size before relaxing)
 .debug_str     0x0000000000001ade       0xfb build/main.o
                                        0xf9e (size before relaxing)
 .debug_str     0x0000000000001bd9      0x207 build/stm32f1xx_hal_dma.o
                                        0x9e9 (size before relaxing)
 .debug_str     0x0000000000001de0       0x4a build/system_stm32f1xx.o
                                        0x65b (size before relaxing)
 .debug_str     0x0000000000001e2a       0x18 build/stm32f1xx_hal_msp.o
                                        0xd45 (size before relaxing)
 .debug_str     0x0000000000001e42       0xa3 build/stm32f1xx_it.o
                                        0x9fb (size before relaxing)
 .debug_str     0x0000000000001ee5      0x182 /usr/lib/gcc/arm-none-eabi/7.1.0/../../../../arm-none-eabi/lib/thumb/v7-m/libc_nano.a(lib_a-impure.o)
                                        0x5ba (size before relaxing)
 .debug_str     0x0000000000002067       0xeb /usr/lib/gcc/arm-none-eabi/7.1.0/../../../../arm-none-eabi/lib/thumb/v7-m/libc_nano.a(lib_a-init.o)
                                        0x201 (size before relaxing)
 .debug_str     0x0000000000002152      0x1ea /usr/lib/gcc/arm-none-eabi/7.1.0/../../../../arm-none-eabi/lib/thumb/v7-m/libc_nano.a(lib_a-sprintf.o)
                                        0x735 (size before relaxing)
 .debug_str     0x000000000000233c      0x4bf /usr/lib/gcc/arm-none-eabi/7.1.0/../../../../arm-none-eabi/lib/thumb/v7-m/libc_nano.a(lib_a-nano-svfprintf.o)
                                        0xc10 (size before relaxing)
 .debug_str     0x00000000000027fb       0x91 /usr/lib/gcc/arm-none-eabi/7.1.0/../../../../arm-none-eabi/lib/thumb/v7-m/libc_nano.a(lib_a-nano-vfprintf_i.o)
                                        0xbaf (size before relaxing)
 .debug_str     0x000000000000288c       0xad /usr/lib/gcc/arm-none-eabi/7.1.0/../../../../arm-none-eabi/lib/thumb/v7-m/libc_nano.a(lib_a-memchr-stub.o)
                                        0x5e0 (size before relaxing)
 .debug_str     0x0000000000002939       0x52 /usr/lib/gcc/arm-none-eabi/7.1.0/../../../../arm-none-eabi/lib/thumb/v7-m/libc_nano.a(lib_a-memcpy-stub.o)
                                        0x5e4 (size before relaxing)
 .debug_str     0x000000000000298b       0x95 /usr/lib/gcc/arm-none-eabi/7.1.0/../../../../arm-none-eabi/lib/thumb/v7-m/libc_nano.a(lib_a-memmove.o)
                                        0x8ee (size before relaxing)
 .debug_str     0x0000000000002a20      0x177 /usr/lib/gcc/arm-none-eabi/7.1.0/../../../../arm-none-eabi/lib/thumb/v7-m/libc_nano.a(lib_a-nano-freer.o)
                                        0x6ea (size before relaxing)
 .debug_str     0x0000000000002b97       0x32 /usr/lib/gcc/arm-none-eabi/7.1.0/../../../../arm-none-eabi/lib/thumb/v7-m/libc_nano.a(lib_a-nano-mallocr.o)
                                        0x701 (size before relaxing)
 .debug_str     0x0000000000002bc9       0x23 /usr/lib/gcc/arm-none-eabi/7.1.0/../../../../arm-none-eabi/lib/thumb/v7-m/libc_nano.a(lib_a-nano-reallocr.o)
                                        0x6e7 (size before relaxing)
 .debug_str     0x0000000000002bec       0x44 /usr/lib/gcc/arm-none-eabi/7.1.0/../../../../arm-none-eabi/lib/thumb/v7-m/libc_nano.a(lib_a-sbrkr.o)
                                        0x5fd (size before relaxing)
 .debug_str     0x0000000000002c30       0x45 /usr/lib/gcc/arm-none-eabi/7.1.0/../../../../arm-none-eabi/lib/thumb/v7-m/libc_nano.a(lib_a-mlock.o)
                                        0x5e2 (size before relaxing)
 .debug_str     0x0000000000002c75        0xf /usr/lib/gcc/arm-none-eabi/7.1.0/../../../../arm-none-eabi/lib/thumb/v7-m/libc_nano.a(lib_a-nano-msizer.o)
                                        0x6c5 (size before relaxing)
 .debug_str     0x0000000000002c84       0x5b /usr/lib/gcc/arm-none-eabi/7.1.0/../../../../arm-none-eabi/lib/thumb/v7-m/libc_nano.a(lib_a-reent.o)
                                        0x5f6 (size before relaxing)
 .debug_str     0x0000000000002cdf       0xef /usr/lib/gcc/arm-none-eabi/7.1.0/../../../../arm-none-eabi/lib/thumb/v7-m/libnosys.a(sbrk.o)
                                        0x108 (size before relaxing)

.debug_frame    0x0000000000000000     0x11c0
 .debug_frame   0x0000000000000000      0x184 build/stm32f1xx_hal_rcc.o
 .debug_frame   0x0000000000000184      0x13c build/stm32f1xx_hal_cortex.o
 .debug_frame   0x00000000000002c0      0x57c build/stm32f1xx_hal_uart.o
 .debug_frame   0x000000000000083c       0xe8 build/stm32f1xx_hal_gpio.o
 .debug_frame   0x0000000000000924      0x188 build/stm32f1xx_hal.o
 .debug_frame   0x0000000000000aac       0xc8 build/main.o
 .debug_frame   0x0000000000000b74      0x168 build/stm32f1xx_hal_dma.o
 .debug_frame   0x0000000000000cdc       0x30 build/system_stm32f1xx.o
 .debug_frame   0x0000000000000d0c       0x70 build/stm32f1xx_hal_msp.o
 .debug_frame   0x0000000000000d7c       0xac build/stm32f1xx_it.o
 .debug_frame   0x0000000000000e28       0x2c /usr/lib/gcc/arm-none-eabi/7.1.0/../../../../arm-none-eabi/lib/thumb/v7-m/libc_nano.a(lib_a-init.o)
 .debug_frame   0x0000000000000e54       0x6c /usr/lib/gcc/arm-none-eabi/7.1.0/../../../../arm-none-eabi/lib/thumb/v7-m/libc_nano.a(lib_a-sprintf.o)
 .debug_frame   0x0000000000000ec0       0x90 /usr/lib/gcc/arm-none-eabi/7.1.0/../../../../arm-none-eabi/lib/thumb/v7-m/libc_nano.a(lib_a-nano-svfprintf.o)
 .debug_frame   0x0000000000000f50       0x60 /usr/lib/gcc/arm-none-eabi/7.1.0/../../../../arm-none-eabi/lib/thumb/v7-m/libc_nano.a(lib_a-nano-vfprintf_i.o)
 .debug_frame   0x0000000000000fb0       0x28 /usr/lib/gcc/arm-none-eabi/7.1.0/../../../../arm-none-eabi/lib/thumb/v7-m/libc_nano.a(lib_a-memchr-stub.o)
 .debug_frame   0x0000000000000fd8       0x28 /usr/lib/gcc/arm-none-eabi/7.1.0/../../../../arm-none-eabi/lib/thumb/v7-m/libc_nano.a(lib_a-memcpy-stub.o)
 .debug_frame   0x0000000000001000       0x28 /usr/lib/gcc/arm-none-eabi/7.1.0/../../../../arm-none-eabi/lib/thumb/v7-m/libc_nano.a(lib_a-memmove.o)
 .debug_frame   0x0000000000001028       0x38 /usr/lib/gcc/arm-none-eabi/7.1.0/../../../../arm-none-eabi/lib/thumb/v7-m/libc_nano.a(lib_a-nano-freer.o)
 .debug_frame   0x0000000000001060       0x2c /usr/lib/gcc/arm-none-eabi/7.1.0/../../../../arm-none-eabi/lib/thumb/v7-m/libc_nano.a(lib_a-nano-mallocr.o)
 .debug_frame   0x000000000000108c       0x3c /usr/lib/gcc/arm-none-eabi/7.1.0/../../../../arm-none-eabi/lib/thumb/v7-m/libc_nano.a(lib_a-nano-reallocr.o)
 .debug_frame   0x00000000000010c8       0x2c /usr/lib/gcc/arm-none-eabi/7.1.0/../../../../arm-none-eabi/lib/thumb/v7-m/libc_nano.a(lib_a-sbrkr.o)
 .debug_frame   0x00000000000010f4       0x30 /usr/lib/gcc/arm-none-eabi/7.1.0/../../../../arm-none-eabi/lib/thumb/v7-m/libc_nano.a(lib_a-mlock.o)
 .debug_frame   0x0000000000001124       0x20 /usr/lib/gcc/arm-none-eabi/7.1.0/../../../../arm-none-eabi/lib/thumb/v7-m/libc_nano.a(lib_a-nano-msizer.o)
 .debug_frame   0x0000000000001144       0x5c /usr/lib/gcc/arm-none-eabi/7.1.0/../../../../arm-none-eabi/lib/thumb/v7-m/libc_nano.a(lib_a-reent.o)
 .debug_frame   0x00000000000011a0       0x20 /usr/lib/gcc/arm-none-eabi/7.1.0/../../../../arm-none-eabi/lib/thumb/v7-m/libnosys.a(sbrk.o)

Cross Reference Table

Symbol                                            File
ADC1_2_IRQHandler                                 build/startup_stm32f103xb.o
AHBPrescTable                                     build/system_stm32f1xx.o
                                                  build/stm32f1xx_hal_rcc.o
APBPrescTable                                     build/system_stm32f1xx.o
                                                  build/stm32f1xx_hal_rcc.o
BusFault_Handler                                  build/stm32f1xx_it.o
CAN1_RX1_IRQHandler                               build/startup_stm32f103xb.o
CAN1_SCE_IRQHandler                               build/startup_stm32f103xb.o
DMA1_Channel1_IRQHandler                          build/startup_stm32f103xb.o
DMA1_Channel2_IRQHandler                          build/startup_stm32f103xb.o
DMA1_Channel3_IRQHandler                          build/startup_stm32f103xb.o
DMA1_Channel4_IRQHandler                          build/startup_stm32f103xb.o
DMA1_Channel5_IRQHandler                          build/startup_stm32f103xb.o
DMA1_Channel6_IRQHandler                          build/startup_stm32f103xb.o
DMA1_Channel7_IRQHandler                          build/startup_stm32f103xb.o
DebugMon_Handler                                  build/stm32f1xx_it.o
Default_Handler                                   build/startup_stm32f103xb.o
EXTI0_IRQHandler                                  build/startup_stm32f103xb.o
EXTI15_10_IRQHandler                              build/startup_stm32f103xb.o
EXTI1_IRQHandler                                  build/startup_stm32f103xb.o
EXTI2_IRQHandler                                  build/startup_stm32f103xb.o
EXTI3_IRQHandler                                  build/startup_stm32f103xb.o
EXTI4_IRQHandler                                  build/startup_stm32f103xb.o
EXTI9_5_IRQHandler                                build/startup_stm32f103xb.o
FLASH_IRQHandler                                  build/startup_stm32f103xb.o
FLASH_PageErase                                   build/stm32f1xx_hal_flash_ex.o
                                                  build/stm32f1xx_hal_flash.o
FLASH_WaitForLastOperation                        build/stm32f1xx_hal_flash.o
                                                  build/stm32f1xx_hal_flash_ex.o
HAL_DBGMCU_DisableDBGSleepMode                    build/stm32f1xx_hal.o
HAL_DBGMCU_DisableDBGStandbyMode                  build/stm32f1xx_hal.o
HAL_DBGMCU_DisableDBGStopMode                     build/stm32f1xx_hal.o
HAL_DBGMCU_EnableDBGSleepMode                     build/stm32f1xx_hal.o
HAL_DBGMCU_EnableDBGStandbyMode                   build/stm32f1xx_hal.o
HAL_DBGMCU_EnableDBGStopMode                      build/stm32f1xx_hal.o
HAL_DMA_Abort                                     build/stm32f1xx_hal_dma.o
                                                  build/stm32f1xx_hal_uart.o
HAL_DMA_Abort_IT                                  build/stm32f1xx_hal_dma.o
                                                  build/stm32f1xx_hal_uart.o
HAL_DMA_DeInit                                    build/stm32f1xx_hal_dma.o
HAL_DMA_GetError                                  build/stm32f1xx_hal_dma.o
HAL_DMA_GetState                                  build/stm32f1xx_hal_dma.o
HAL_DMA_IRQHandler                                build/stm32f1xx_hal_dma.o
HAL_DMA_Init                                      build/stm32f1xx_hal_dma.o
HAL_DMA_PollForTransfer                           build/stm32f1xx_hal_dma.o
HAL_DMA_RegisterCallback                          build/stm32f1xx_hal_dma.o
HAL_DMA_Start                                     build/stm32f1xx_hal_dma.o
HAL_DMA_Start_IT                                  build/stm32f1xx_hal_dma.o
                                                  build/stm32f1xx_hal_uart.o
HAL_DMA_UnRegisterCallback                        build/stm32f1xx_hal_dma.o
HAL_DeInit                                        build/stm32f1xx_hal.o
HAL_Delay                                         build/stm32f1xx_hal.o
HAL_FLASHEx_Erase                                 build/stm32f1xx_hal_flash_ex.o
HAL_FLASHEx_Erase_IT                              build/stm32f1xx_hal_flash_ex.o
HAL_FLASHEx_OBErase                               build/stm32f1xx_hal_flash_ex.o
HAL_FLASHEx_OBGetConfig                           build/stm32f1xx_hal_flash_ex.o
HAL_FLASHEx_OBGetUserData                         build/stm32f1xx_hal_flash_ex.o
HAL_FLASHEx_OBProgram                             build/stm32f1xx_hal_flash_ex.o
HAL_FLASH_EndOfOperationCallback                  build/stm32f1xx_hal_flash.o
HAL_FLASH_GetError                                build/stm32f1xx_hal_flash.o
HAL_FLASH_IRQHandler                              build/stm32f1xx_hal_flash.o
HAL_FLASH_Lock                                    build/stm32f1xx_hal_flash.o
HAL_FLASH_OB_Launch                               build/stm32f1xx_hal_flash.o
HAL_FLASH_OB_Lock                                 build/stm32f1xx_hal_flash.o
HAL_FLASH_OB_Unlock                               build/stm32f1xx_hal_flash.o
HAL_FLASH_OperationErrorCallback                  build/stm32f1xx_hal_flash.o
HAL_FLASH_Program                                 build/stm32f1xx_hal_flash.o
HAL_FLASH_Program_IT                              build/stm32f1xx_hal_flash.o
HAL_FLASH_Unlock                                  build/stm32f1xx_hal_flash.o
HAL_GPIOEx_ConfigEventout                         build/stm32f1xx_hal_gpio_ex.o
HAL_GPIOEx_DisableEventout                        build/stm32f1xx_hal_gpio_ex.o
HAL_GPIOEx_EnableEventout                         build/stm32f1xx_hal_gpio_ex.o
HAL_GPIO_DeInit                                   build/stm32f1xx_hal_gpio.o
                                                  build/stm32f1xx_hal_msp.o
HAL_GPIO_EXTI_Callback                            build/stm32f1xx_hal_gpio.o
HAL_GPIO_EXTI_IRQHandler                          build/stm32f1xx_hal_gpio.o
HAL_GPIO_Init                                     build/stm32f1xx_hal_gpio.o
                                                  build/stm32f1xx_hal_msp.o
                                                  build/main.o
                                                  build/stm32f1xx_hal_rcc.o
HAL_GPIO_LockPin                                  build/stm32f1xx_hal_gpio.o
HAL_GPIO_ReadPin                                  build/stm32f1xx_hal_gpio.o
HAL_GPIO_TogglePin                                build/stm32f1xx_hal_gpio.o
HAL_GPIO_WritePin                                 build/stm32f1xx_hal_gpio.o
                                                  build/main.o
HAL_GetDEVID                                      build/stm32f1xx_hal.o
HAL_GetHalVersion                                 build/stm32f1xx_hal.o
HAL_GetREVID                                      build/stm32f1xx_hal.o
HAL_GetTick                                       build/stm32f1xx_hal.o
                                                  build/stm32f1xx_hal_dma.o
                                                  build/stm32f1xx_hal_rcc_ex.o
                                                  build/stm32f1xx_hal_flash.o
                                                  build/stm32f1xx_hal_uart.o
                                                  build/stm32f1xx_hal_rcc.o
HAL_GetUID                                        build/stm32f1xx_hal.o
HAL_HalfDuplex_EnableReceiver                     build/stm32f1xx_hal_uart.o
HAL_HalfDuplex_EnableTransmitter                  build/stm32f1xx_hal_uart.o
HAL_HalfDuplex_Init                               build/stm32f1xx_hal_uart.o
HAL_IncTick                                       build/stm32f1xx_hal.o
                                                  build/stm32f1xx_it.o
HAL_Init                                          build/stm32f1xx_hal.o
                                                  build/main.o
HAL_InitTick                                      build/stm32f1xx_hal.o
                                                  build/stm32f1xx_hal_rcc.o
HAL_LIN_Init                                      build/stm32f1xx_hal_uart.o
HAL_LIN_SendBreak                                 build/stm32f1xx_hal_uart.o
HAL_MspDeInit                                     build/stm32f1xx_hal.o
HAL_MspInit                                       build/stm32f1xx_hal_msp.o
                                                  build/stm32f1xx_hal.o
HAL_MultiProcessor_EnterMuteMode                  build/stm32f1xx_hal_uart.o
HAL_MultiProcessor_ExitMuteMode                   build/stm32f1xx_hal_uart.o
HAL_MultiProcessor_Init                           build/stm32f1xx_hal_uart.o
HAL_NVIC_ClearPendingIRQ                          build/stm32f1xx_hal_cortex.o
HAL_NVIC_DisableIRQ                               build/stm32f1xx_hal_cortex.o
                                                  build/stm32f1xx_hal_msp.o
HAL_NVIC_EnableIRQ                                build/stm32f1xx_hal_cortex.o
                                                  build/stm32f1xx_hal_msp.o
HAL_NVIC_GetActive                                build/stm32f1xx_hal_cortex.o
HAL_NVIC_GetPendingIRQ                            build/stm32f1xx_hal_cortex.o
HAL_NVIC_GetPriority                              build/stm32f1xx_hal_cortex.o
HAL_NVIC_GetPriorityGrouping                      build/stm32f1xx_hal_cortex.o
HAL_NVIC_SetPendingIRQ                            build/stm32f1xx_hal_cortex.o
HAL_NVIC_SetPriority                              build/stm32f1xx_hal_cortex.o
                                                  build/stm32f1xx_hal_msp.o
                                                  build/main.o
                                                  build/stm32f1xx_hal.o
HAL_NVIC_SetPriorityGrouping                      build/stm32f1xx_hal_cortex.o
                                                  build/stm32f1xx_hal_msp.o
                                                  build/stm32f1xx_hal.o
HAL_NVIC_SystemReset                              build/stm32f1xx_hal_cortex.o
                                                  build/stm32f1xx_hal_flash.o
HAL_PWR_ConfigPVD                                 build/stm32f1xx_hal_pwr.o
HAL_PWR_DeInit                                    build/stm32f1xx_hal_pwr.o
HAL_PWR_DisableBkUpAccess                         build/stm32f1xx_hal_pwr.o
HAL_PWR_DisablePVD                                build/stm32f1xx_hal_pwr.o
HAL_PWR_DisableSEVOnPend                          build/stm32f1xx_hal_pwr.o
HAL_PWR_DisableSleepOnExit                        build/stm32f1xx_hal_pwr.o
HAL_PWR_DisableWakeUpPin                          build/stm32f1xx_hal_pwr.o
HAL_PWR_EnableBkUpAccess                          build/stm32f1xx_hal_pwr.o
HAL_PWR_EnablePVD                                 build/stm32f1xx_hal_pwr.o
HAL_PWR_EnableSEVOnPend                           build/stm32f1xx_hal_pwr.o
HAL_PWR_EnableSleepOnExit                         build/stm32f1xx_hal_pwr.o
HAL_PWR_EnableWakeUpPin                           build/stm32f1xx_hal_pwr.o
HAL_PWR_EnterSLEEPMode                            build/stm32f1xx_hal_pwr.o
HAL_PWR_EnterSTANDBYMode                          build/stm32f1xx_hal_pwr.o
HAL_PWR_EnterSTOPMode                             build/stm32f1xx_hal_pwr.o
HAL_PWR_PVDCallback                               build/stm32f1xx_hal_pwr.o
HAL_PWR_PVD_IRQHandler                            build/stm32f1xx_hal_pwr.o
HAL_RCCEx_GetPeriphCLKConfig                      build/stm32f1xx_hal_rcc_ex.o
HAL_RCCEx_GetPeriphCLKFreq                        build/stm32f1xx_hal_rcc_ex.o
HAL_RCCEx_PeriphCLKConfig                         build/stm32f1xx_hal_rcc_ex.o
HAL_RCC_CSSCallback                               build/stm32f1xx_hal_rcc.o
HAL_RCC_ClockConfig                               build/stm32f1xx_hal_rcc.o
                                                  build/main.o
HAL_RCC_DeInit                                    build/stm32f1xx_hal_rcc.o
HAL_RCC_DisableCSS                                build/stm32f1xx_hal_rcc.o
HAL_RCC_EnableCSS                                 build/stm32f1xx_hal_rcc.o
HAL_RCC_GetClockConfig                            build/stm32f1xx_hal_rcc.o
HAL_RCC_GetHCLKFreq                               build/stm32f1xx_hal_rcc.o
                                                  build/main.o
HAL_RCC_GetOscConfig                              build/stm32f1xx_hal_rcc.o
HAL_RCC_GetPCLK1Freq                              build/stm32f1xx_hal_rcc.o
                                                  build/stm32f1xx_hal_uart.o
HAL_RCC_GetPCLK2Freq                              build/stm32f1xx_hal_rcc.o
                                                  build/stm32f1xx_hal_rcc_ex.o
                                                  build/stm32f1xx_hal_uart.o
HAL_RCC_GetSysClockFreq                           build/stm32f1xx_hal_rcc.o
HAL_RCC_MCOConfig                                 build/stm32f1xx_hal_rcc.o
HAL_RCC_NMI_IRQHandler                            build/stm32f1xx_hal_rcc.o
HAL_RCC_OscConfig                                 build/stm32f1xx_hal_rcc.o
                                                  build/main.o
HAL_ResumeTick                                    build/stm32f1xx_hal.o
HAL_SYSTICK_CLKSourceConfig                       build/stm32f1xx_hal_cortex.o
                                                  build/main.o
HAL_SYSTICK_Callback                              build/stm32f1xx_hal_cortex.o
HAL_SYSTICK_Config                                build/stm32f1xx_hal_cortex.o
                                                  build/main.o
                                                  build/stm32f1xx_hal.o
HAL_SYSTICK_IRQHandler                            build/stm32f1xx_hal_cortex.o
                                                  build/stm32f1xx_it.o
HAL_SuspendTick                                   build/stm32f1xx_hal.o
HAL_UART_Abort                                    build/stm32f1xx_hal_uart.o
HAL_UART_AbortCpltCallback                        build/stm32f1xx_hal_uart.o
HAL_UART_AbortReceive                             build/stm32f1xx_hal_uart.o
HAL_UART_AbortReceiveCpltCallback                 build/stm32f1xx_hal_uart.o
HAL_UART_AbortReceive_IT                          build/stm32f1xx_hal_uart.o
HAL_UART_AbortTransmit                            build/stm32f1xx_hal_uart.o
HAL_UART_AbortTransmitCpltCallback                build/stm32f1xx_hal_uart.o
HAL_UART_AbortTransmit_IT                         build/stm32f1xx_hal_uart.o
HAL_UART_Abort_IT                                 build/stm32f1xx_hal_uart.o
HAL_UART_DMAPause                                 build/stm32f1xx_hal_uart.o
HAL_UART_DMAResume                                build/stm32f1xx_hal_uart.o
HAL_UART_DMAStop                                  build/stm32f1xx_hal_uart.o
HAL_UART_DeInit                                   build/stm32f1xx_hal_uart.o
HAL_UART_ErrorCallback                            build/stm32f1xx_hal_uart.o
HAL_UART_GetError                                 build/stm32f1xx_hal_uart.o
HAL_UART_GetState                                 build/stm32f1xx_hal_uart.o
HAL_UART_IRQHandler                               build/stm32f1xx_hal_uart.o
                                                  build/main.o
HAL_UART_Init                                     build/stm32f1xx_hal_uart.o
                                                  build/main.o
HAL_UART_MspDeInit                                build/stm32f1xx_hal_msp.o
                                                  build/stm32f1xx_hal_uart.o
HAL_UART_MspInit                                  build/stm32f1xx_hal_msp.o
                                                  build/stm32f1xx_hal_uart.o
HAL_UART_Receive                                  build/stm32f1xx_hal_uart.o
HAL_UART_Receive_DMA                              build/stm32f1xx_hal_uart.o
HAL_UART_Receive_IT                               build/stm32f1xx_hal_uart.o
                                                  build/main.o
HAL_UART_RxCpltCallback                           build/stm32f1xx_hal_uart.o
HAL_UART_RxHalfCpltCallback                       build/stm32f1xx_hal_uart.o
HAL_UART_Transmit                                 build/stm32f1xx_hal_uart.o
                                                  build/main.o
HAL_UART_Transmit_DMA                             build/stm32f1xx_hal_uart.o
HAL_UART_Transmit_IT                              build/stm32f1xx_hal_uart.o
                                                  build/main.o
HAL_UART_TxCpltCallback                           build/stm32f1xx_hal_uart.o
HAL_UART_TxHalfCpltCallback                       build/stm32f1xx_hal_uart.o
HardFault_Handler                                 build/stm32f1xx_it.o
I2C1_ER_IRQHandler                                build/startup_stm32f103xb.o
I2C1_EV_IRQHandler                                build/startup_stm32f103xb.o
I2C2_ER_IRQHandler                                build/startup_stm32f103xb.o
I2C2_EV_IRQHandler                                build/startup_stm32f103xb.o
MemManage_Handler                                 build/stm32f1xx_it.o
NMI_Handler                                       build/stm32f1xx_it.o
PVD_IRQHandler                                    build/startup_stm32f103xb.o
PendSV_Handler                                    build/stm32f1xx_it.o
RCC_IRQHandler                                    build/startup_stm32f103xb.o
RTC_Alarm_IRQHandler                              build/startup_stm32f103xb.o
RTC_IRQHandler                                    build/startup_stm32f103xb.o
Reset_Handler                                     build/startup_stm32f103xb.o
SPI1_IRQHandler                                   build/startup_stm32f103xb.o
SPI2_IRQHandler                                   build/startup_stm32f103xb.o
SVC_Handler                                       build/stm32f1xx_it.o
SysTick_Handler                                   build/stm32f1xx_it.o
SystemClock_Config                                build/main.o
SystemCoreClock                                   build/system_stm32f1xx.o
                                                  build/stm32f1xx_hal.o
                                                  build/stm32f1xx_hal_rcc.o
SystemCoreClockUpdate                             build/system_stm32f1xx.o
SystemInit                                        build/system_stm32f1xx.o
                                                  build/startup_stm32f103xb.o
TAMPER_IRQHandler                                 build/startup_stm32f103xb.o
TIM1_BRK_IRQHandler                               build/startup_stm32f103xb.o
TIM1_CC_IRQHandler                                build/startup_stm32f103xb.o
TIM1_TRG_COM_IRQHandler                           build/startup_stm32f103xb.o
TIM1_UP_IRQHandler                                build/startup_stm32f103xb.o
TIM2_IRQHandler                                   build/startup_stm32f103xb.o
TIM3_IRQHandler                                   build/startup_stm32f103xb.o
TIM4_IRQHandler                                   build/startup_stm32f103xb.o
USART1_IRQHandler                                 build/main.o
USART2_IRQHandler                                 build/startup_stm32f103xb.o
USART3_IRQHandler                                 build/startup_stm32f103xb.o
USBWakeUp_IRQHandler                              build/startup_stm32f103xb.o
USB_HP_CAN1_TX_IRQHandler                         build/startup_stm32f103xb.o
USB_LP_CAN1_RX0_IRQHandler                        build/startup_stm32f103xb.o
UartHandle                                        build/main.o
UartReady                                         build/main.o
UsageFault_Handler                                build/stm32f1xx_it.o
WWDG_IRQHandler                                   build/startup_stm32f103xb.o
_Error_Handler                                    build/main.o
_ITM_deregisterTMCloneTable                       /usr/lib/gcc/arm-none-eabi/7.1.0/thumb/v7-m/crtbegin.o
_ITM_registerTMCloneTable                         /usr/lib/gcc/arm-none-eabi/7.1.0/thumb/v7-m/crtbegin.o
__TMC_END__                                       /usr/lib/gcc/arm-none-eabi/7.1.0/thumb/v7-m/crtend.o
                                                  /usr/lib/gcc/arm-none-eabi/7.1.0/thumb/v7-m/crtbegin.o
__atexit_dummy                                    /usr/lib/gcc/arm-none-eabi/7.1.0/../../../../arm-none-eabi/lib/thumb/v7-m/libc_nano.a(lib_a-__atexit.o)
__bss_end__                                       /usr/lib/gcc/arm-none-eabi/7.1.0/../../../../arm-none-eabi/lib/thumb/v7-m/crt0.o
__bss_start__                                     /usr/lib/gcc/arm-none-eabi/7.1.0/../../../../arm-none-eabi/lib/thumb/v7-m/crt0.o
__call_exitprocs                                  /usr/lib/gcc/arm-none-eabi/7.1.0/../../../../arm-none-eabi/lib/thumb/v7-m/libc_nano.a(lib_a-__call_atexit.o)
                                                  /usr/lib/gcc/arm-none-eabi/7.1.0/../../../../arm-none-eabi/lib/thumb/v7-m/libc_nano.a(lib_a-__atexit.o)
                                                  /usr/lib/gcc/arm-none-eabi/7.1.0/../../../../arm-none-eabi/lib/thumb/v7-m/libc_nano.a(lib_a-exit.o)
__deregister_frame_info                           /usr/lib/gcc/arm-none-eabi/7.1.0/thumb/v7-m/crtbegin.o
__dso_handle                                      /usr/lib/gcc/arm-none-eabi/7.1.0/thumb/v7-m/crtbegin.o
__fini_array_end                                  /usr/lib/gcc/arm-none-eabi/7.1.0/../../../../arm-none-eabi/lib/thumb/v7-m/libc_nano.a(lib_a-fini.o)
__fini_array_start                                /usr/lib/gcc/arm-none-eabi/7.1.0/../../../../arm-none-eabi/lib/thumb/v7-m/libc_nano.a(lib_a-fini.o)
__init_array_end                                  /usr/lib/gcc/arm-none-eabi/7.1.0/../../../../arm-none-eabi/lib/thumb/v7-m/libc_nano.a(lib_a-init.o)
__init_array_start                                /usr/lib/gcc/arm-none-eabi/7.1.0/../../../../arm-none-eabi/lib/thumb/v7-m/libc_nano.a(lib_a-init.o)
__libc_fini_array                                 /usr/lib/gcc/arm-none-eabi/7.1.0/../../../../arm-none-eabi/lib/thumb/v7-m/libc_nano.a(lib_a-fini.o)
                                                  /usr/lib/gcc/arm-none-eabi/7.1.0/../../../../arm-none-eabi/lib/thumb/v7-m/crt0.o
__libc_init_array                                 /usr/lib/gcc/arm-none-eabi/7.1.0/../../../../arm-none-eabi/lib/thumb/v7-m/libc_nano.a(lib_a-init.o)
                                                  build/startup_stm32f103xb.o
                                                  /usr/lib/gcc/arm-none-eabi/7.1.0/../../../../arm-none-eabi/lib/thumb/v7-m/crt0.o
__malloc_free_list                                /usr/lib/gcc/arm-none-eabi/7.1.0/../../../../arm-none-eabi/lib/thumb/v7-m/libc_nano.a(lib_a-nano-mallocr.o)
                                                  /usr/lib/gcc/arm-none-eabi/7.1.0/../../../../arm-none-eabi/lib/thumb/v7-m/libc_nano.a(lib_a-nano-freer.o)
__malloc_lock                                     /usr/lib/gcc/arm-none-eabi/7.1.0/../../../../arm-none-eabi/lib/thumb/v7-m/libc_nano.a(lib_a-mlock.o)
                                                  /usr/lib/gcc/arm-none-eabi/7.1.0/../../../../arm-none-eabi/lib/thumb/v7-m/libc_nano.a(lib_a-nano-mallocr.o)
                                                  /usr/lib/gcc/arm-none-eabi/7.1.0/../../../../arm-none-eabi/lib/thumb/v7-m/libc_nano.a(lib_a-nano-freer.o)
__malloc_sbrk_start                               /usr/lib/gcc/arm-none-eabi/7.1.0/../../../../arm-none-eabi/lib/thumb/v7-m/libc_nano.a(lib_a-nano-mallocr.o)
__malloc_unlock                                   /usr/lib/gcc/arm-none-eabi/7.1.0/../../../../arm-none-eabi/lib/thumb/v7-m/libc_nano.a(lib_a-mlock.o)
                                                  /usr/lib/gcc/arm-none-eabi/7.1.0/../../../../arm-none-eabi/lib/thumb/v7-m/libc_nano.a(lib_a-nano-mallocr.o)
                                                  /usr/lib/gcc/arm-none-eabi/7.1.0/../../../../arm-none-eabi/lib/thumb/v7-m/libc_nano.a(lib_a-nano-freer.o)
__on_exit_args                                    /usr/lib/gcc/arm-none-eabi/7.1.0/../../../../arm-none-eabi/lib/thumb/v7-m/libc_nano.a(lib_a-__atexit.o)
__preinit_array_end                               /usr/lib/gcc/arm-none-eabi/7.1.0/../../../../arm-none-eabi/lib/thumb/v7-m/libc_nano.a(lib_a-init.o)
__preinit_array_start                             /usr/lib/gcc/arm-none-eabi/7.1.0/../../../../arm-none-eabi/lib/thumb/v7-m/libc_nano.a(lib_a-init.o)
__register_exitproc                               /usr/lib/gcc/arm-none-eabi/7.1.0/../../../../arm-none-eabi/lib/thumb/v7-m/libc_nano.a(lib_a-__atexit.o)
                                                  /usr/lib/gcc/arm-none-eabi/7.1.0/../../../../arm-none-eabi/lib/thumb/v7-m/libc_nano.a(lib_a-atexit.o)
__register_frame_info                             /usr/lib/gcc/arm-none-eabi/7.1.0/thumb/v7-m/crtbegin.o
__sf_fake_stderr                                  /usr/lib/gcc/arm-none-eabi/7.1.0/../../../../arm-none-eabi/lib/thumb/v7-m/libc_nano.a(lib_a-impure.o)
__sf_fake_stdin                                   /usr/lib/gcc/arm-none-eabi/7.1.0/../../../../arm-none-eabi/lib/thumb/v7-m/libc_nano.a(lib_a-impure.o)
__sf_fake_stdout                                  /usr/lib/gcc/arm-none-eabi/7.1.0/../../../../arm-none-eabi/lib/thumb/v7-m/libc_nano.a(lib_a-impure.o)
__ssprint_r                                       /usr/lib/gcc/arm-none-eabi/7.1.0/../../../../arm-none-eabi/lib/thumb/v7-m/libc_nano.a(lib_a-nano-svfprintf.o)
__ssputs_r                                        /usr/lib/gcc/arm-none-eabi/7.1.0/../../../../arm-none-eabi/lib/thumb/v7-m/libc_nano.a(lib_a-nano-svfprintf.o)
__stack                                           /usr/lib/gcc/arm-none-eabi/7.1.0/../../../../arm-none-eabi/lib/thumb/v7-m/crt0.o
_ebss                                             build/startup_stm32f103xb.o
_edata                                            build/startup_stm32f103xb.o
_estack                                           build/startup_stm32f103xb.o
_exit                                             /usr/lib/gcc/arm-none-eabi/7.1.0/../../../../arm-none-eabi/lib/thumb/v7-m/libnosys.a(_exit.o)
                                                  /usr/lib/gcc/arm-none-eabi/7.1.0/../../../../arm-none-eabi/lib/thumb/v7-m/libc_nano.a(lib_a-exit.o)
_fini                                             /usr/lib/gcc/arm-none-eabi/7.1.0/thumb/v7-m/crti.o
                                                  /usr/lib/gcc/arm-none-eabi/7.1.0/../../../../arm-none-eabi/lib/thumb/v7-m/libc_nano.a(lib_a-fini.o)
_free_r                                           /usr/lib/gcc/arm-none-eabi/7.1.0/../../../../arm-none-eabi/lib/thumb/v7-m/libc_nano.a(lib_a-nano-freer.o)
                                                  /usr/lib/gcc/arm-none-eabi/7.1.0/../../../../arm-none-eabi/lib/thumb/v7-m/libc_nano.a(lib_a-reent.o)
                                                  /usr/lib/gcc/arm-none-eabi/7.1.0/../../../../arm-none-eabi/lib/thumb/v7-m/libc_nano.a(lib_a-nano-reallocr.o)
                                                  /usr/lib/gcc/arm-none-eabi/7.1.0/../../../../arm-none-eabi/lib/thumb/v7-m/libc_nano.a(lib_a-nano-svfprintf.o)
_global_atexit                                    /usr/lib/gcc/arm-none-eabi/7.1.0/../../../../arm-none-eabi/lib/thumb/v7-m/libc_nano.a(lib_a-__call_atexit.o)
                                                  /usr/lib/gcc/arm-none-eabi/7.1.0/../../../../arm-none-eabi/lib/thumb/v7-m/libc_nano.a(lib_a-__atexit.o)
_global_impure_ptr                                /usr/lib/gcc/arm-none-eabi/7.1.0/../../../../arm-none-eabi/lib/thumb/v7-m/libc_nano.a(lib_a-impure.o)
                                                  /usr/lib/gcc/arm-none-eabi/7.1.0/../../../../arm-none-eabi/lib/thumb/v7-m/libc_nano.a(lib_a-exit.o)
_impure_ptr                                       /usr/lib/gcc/arm-none-eabi/7.1.0/../../../../arm-none-eabi/lib/thumb/v7-m/libc_nano.a(lib_a-impure.o)
                                                  /usr/lib/gcc/arm-none-eabi/7.1.0/../../../../arm-none-eabi/lib/thumb/v7-m/libc_nano.a(lib_a-reent.o)
                                                  /usr/lib/gcc/arm-none-eabi/7.1.0/../../../../arm-none-eabi/lib/thumb/v7-m/libc_nano.a(lib_a-sprintf.o)
_init                                             /usr/lib/gcc/arm-none-eabi/7.1.0/thumb/v7-m/crti.o
                                                  /usr/lib/gcc/arm-none-eabi/7.1.0/../../../../arm-none-eabi/lib/thumb/v7-m/libc_nano.a(lib_a-init.o)
_mainCRTStartup                                   /usr/lib/gcc/arm-none-eabi/7.1.0/../../../../arm-none-eabi/lib/thumb/v7-m/crt0.o
_malloc_r                                         /usr/lib/gcc/arm-none-eabi/7.1.0/../../../../arm-none-eabi/lib/thumb/v7-m/libc_nano.a(lib_a-nano-mallocr.o)
                                                  /usr/lib/gcc/arm-none-eabi/7.1.0/../../../../arm-none-eabi/lib/thumb/v7-m/libc_nano.a(lib_a-nano-reallocr.o)
                                                  /usr/lib/gcc/arm-none-eabi/7.1.0/../../../../arm-none-eabi/lib/thumb/v7-m/libc_nano.a(lib_a-nano-svfprintf.o)
_malloc_usable_size_r                             /usr/lib/gcc/arm-none-eabi/7.1.0/../../../../arm-none-eabi/lib/thumb/v7-m/libc_nano.a(lib_a-nano-msizer.o)
                                                  /usr/lib/gcc/arm-none-eabi/7.1.0/../../../../arm-none-eabi/lib/thumb/v7-m/libc_nano.a(lib_a-nano-reallocr.o)
_printf_common                                    /usr/lib/gcc/arm-none-eabi/7.1.0/../../../../arm-none-eabi/lib/thumb/v7-m/libc_nano.a(lib_a-nano-vfprintf_i.o)
_printf_float                                     /usr/lib/gcc/arm-none-eabi/7.1.0/../../../../arm-none-eabi/lib/thumb/v7-m/libc_nano.a(lib_a-nano-svfprintf.o)
_printf_i                                         /usr/lib/gcc/arm-none-eabi/7.1.0/../../../../arm-none-eabi/lib/thumb/v7-m/libc_nano.a(lib_a-nano-vfprintf_i.o)
                                                  /usr/lib/gcc/arm-none-eabi/7.1.0/../../../../arm-none-eabi/lib/thumb/v7-m/libc_nano.a(lib_a-nano-svfprintf.o)
_realloc_r                                        /usr/lib/gcc/arm-none-eabi/7.1.0/../../../../arm-none-eabi/lib/thumb/v7-m/libc_nano.a(lib_a-nano-reallocr.o)
                                                  /usr/lib/gcc/arm-none-eabi/7.1.0/../../../../arm-none-eabi/lib/thumb/v7-m/libc_nano.a(lib_a-nano-svfprintf.o)
_reclaim_reent                                    /usr/lib/gcc/arm-none-eabi/7.1.0/../../../../arm-none-eabi/lib/thumb/v7-m/libc_nano.a(lib_a-reent.o)
_sbrk                                             /usr/lib/gcc/arm-none-eabi/7.1.0/../../../../arm-none-eabi/lib/thumb/v7-m/libnosys.a(sbrk.o)
                                                  /usr/lib/gcc/arm-none-eabi/7.1.0/../../../../arm-none-eabi/lib/thumb/v7-m/libc_nano.a(lib_a-sbrkr.o)
_sbrk_r                                           /usr/lib/gcc/arm-none-eabi/7.1.0/../../../../arm-none-eabi/lib/thumb/v7-m/libc_nano.a(lib_a-sbrkr.o)
                                                  /usr/lib/gcc/arm-none-eabi/7.1.0/../../../../arm-none-eabi/lib/thumb/v7-m/libc_nano.a(lib_a-nano-mallocr.o)
_sbss                                             build/startup_stm32f103xb.o
_sdata                                            build/startup_stm32f103xb.o
_sidata                                           build/startup_stm32f103xb.o
_siprintf_r                                       /usr/lib/gcc/arm-none-eabi/7.1.0/../../../../arm-none-eabi/lib/thumb/v7-m/libc_nano.a(lib_a-sprintf.o)
_sprintf_r                                        /usr/lib/gcc/arm-none-eabi/7.1.0/../../../../arm-none-eabi/lib/thumb/v7-m/libc_nano.a(lib_a-sprintf.o)
_start                                            /usr/lib/gcc/arm-none-eabi/7.1.0/../../../../arm-none-eabi/lib/thumb/v7-m/crt0.o
_svfiprintf_r                                     /usr/lib/gcc/arm-none-eabi/7.1.0/../../../../arm-none-eabi/lib/thumb/v7-m/libc_nano.a(lib_a-nano-svfprintf.o)
_svfprintf_r                                      /usr/lib/gcc/arm-none-eabi/7.1.0/../../../../arm-none-eabi/lib/thumb/v7-m/libc_nano.a(lib_a-nano-svfprintf.o)
                                                  /usr/lib/gcc/arm-none-eabi/7.1.0/../../../../arm-none-eabi/lib/thumb/v7-m/libc_nano.a(lib_a-sprintf.o)
aRxBuffer                                         build/main.o
action                                            build/main.o
atexit                                            /usr/lib/gcc/arm-none-eabi/7.1.0/../../../../arm-none-eabi/lib/thumb/v7-m/libc_nano.a(lib_a-atexit.o)
                                                  /usr/lib/gcc/arm-none-eabi/7.1.0/../../../../arm-none-eabi/lib/thumb/v7-m/crt0.o
buffbuff                                          build/main.o
bufferRx                                          build/main.o
cleanup_glue                                      /usr/lib/gcc/arm-none-eabi/7.1.0/../../../../arm-none-eabi/lib/thumb/v7-m/libc_nano.a(lib_a-reent.o)
commBuff                                          build/main.o
commBuff_index                                    build/main.o